Archive member included because of file (symbol)

C:\Users\danie\SimplicityStudio\v4_workspace\soc-thunderboard-sense-2\protocol\bluetooth_2.6\lib\EFR32MG12P\GCC\bgapi.a(gecko_bgapi_hardware.c.obj)
                              ./radio_ble.o (gecko_bgapi_class_hardware_init)
C:\Users\danie\SimplicityStudio\v4_workspace\soc-thunderboard-sense-2\protocol\bluetooth_2.6\lib\EFR32MG12P\GCC\bgapi.a(gecko_bgapi_test.c.obj)
                              ./radio_ble.o (gecko_bgapi_class_test_init)
C:\Users\danie\SimplicityStudio\v4_workspace\soc-thunderboard-sense-2\protocol\bluetooth_2.6\lib\EFR32MG12P\GCC\bgapi.a(gecko_bgapi_dfu.c.obj)
                              ./radio_ble.o (gecko_bgapi_class_dfu_init)
C:\Users\danie\SimplicityStudio\v4_workspace\soc-thunderboard-sense-2\protocol\bluetooth_2.6\lib\EFR32MG12P\GCC\bgapi.a(gecko_bgapi_gap.c.obj)
                              ./radio_ble.o (gecko_bgapi_class_le_gap_init)
C:\Users\danie\SimplicityStudio\v4_workspace\soc-thunderboard-sense-2\protocol\bluetooth_2.6\lib\EFR32MG12P\GCC\bgapi.a(gecko_bgapi_gatt.c.obj)
                              ./radio_ble.o (gecko_bgapi_class_gatt_init)
C:\Users\danie\SimplicityStudio\v4_workspace\soc-thunderboard-sense-2\protocol\bluetooth_2.6\lib\EFR32MG12P\GCC\bgapi.a(gecko_bgapi_gatt_server.c.obj)
                              ./radio_ble.o (gecko_bgapi_class_gatt_server_init)
C:\Users\danie\SimplicityStudio\v4_workspace\soc-thunderboard-sense-2\protocol\bluetooth_2.6\lib\EFR32MG12P\GCC\bgapi.a(gecko_bgapi_flash.c.obj)
                              ./radio_ble.o (gecko_bgapi_class_flash_init)
C:\Users\danie\SimplicityStudio\v4_workspace\soc-thunderboard-sense-2\protocol\bluetooth_2.6\lib\EFR32MG12P\GCC\bgapi.a(gecko_bgapi_sm.c.obj)
                              ./radio_ble.o (gecko_bgapi_class_sm_init)
C:\Users\danie\SimplicityStudio\v4_workspace\soc-thunderboard-sense-2\protocol\bluetooth_2.6\lib\EFR32MG12P\GCC\bgapi.a(gecko_bgapi_system.c.obj)
                              ./radio_ble.o (gecko_bgapi_class_system_init)
C:\Users\danie\SimplicityStudio\v4_workspace\soc-thunderboard-sense-2\protocol\bluetooth_2.6\lib\EFR32MG12P\GCC\bgapi.a(gecko_bgapi_endpoint.c.obj)
                              ./radio_ble.o (gecko_bgapi_class_endpoint_init)
C:\Users\danie\SimplicityStudio\v4_workspace\soc-thunderboard-sense-2\protocol\bluetooth_2.6\lib\EFR32MG12P\GCC\bgapi.a(gecko_bgapi_le_connection.c.obj)
                              ./radio_ble.o (gecko_bgapi_class_le_connection_init)
C:\Users\danie\SimplicityStudio\v4_workspace\soc-thunderboard-sense-2\protocol\bluetooth_2.6\lib\EFR32MG12P\GCC\bgapi.a(bgapi_hardware.c.obj)
                              C:\Users\danie\SimplicityStudio\v4_workspace\soc-thunderboard-sense-2\protocol\bluetooth_2.6\lib\EFR32MG12P\GCC\bgapi.a(gecko_bgapi_hardware.c.obj) (lib_hardware_handler_init)
C:\Users\danie\SimplicityStudio\v4_workspace\soc-thunderboard-sense-2\protocol\bluetooth_2.6\lib\EFR32MG12P\GCC\bgapi.a(bgapi_test_lib.c.obj)
                              C:\Users\danie\SimplicityStudio\v4_workspace\soc-thunderboard-sense-2\protocol\bluetooth_2.6\lib\EFR32MG12P\GCC\bgapi.a(gecko_bgapi_test.c.obj) (lib_test_handler_init)
C:\Users\danie\SimplicityStudio\v4_workspace\soc-thunderboard-sense-2\protocol\bluetooth_2.6\lib\EFR32MG12P\GCC\bgapi.a(bgapi_dfu.c.obj)
                              C:\Users\danie\SimplicityStudio\v4_workspace\soc-thunderboard-sense-2\protocol\bluetooth_2.6\lib\EFR32MG12P\GCC\bgapi.a(gecko_bgapi_dfu.c.obj) (lib_dfu_handler_init)
C:\Users\danie\SimplicityStudio\v4_workspace\soc-thunderboard-sense-2\protocol\bluetooth_2.6\lib\EFR32MG12P\GCC\bgapi.a(bgapi_gap.c.obj)
                              C:\Users\danie\SimplicityStudio\v4_workspace\soc-thunderboard-sense-2\protocol\bluetooth_2.6\lib\EFR32MG12P\GCC\bgapi.a(gecko_bgapi_gap.c.obj) (lib_le_gap_handler_init)
C:\Users\danie\SimplicityStudio\v4_workspace\soc-thunderboard-sense-2\protocol\bluetooth_2.6\lib\EFR32MG12P\GCC\bgapi.a(bgapi_gatt_lib.c.obj)
                              C:\Users\danie\SimplicityStudio\v4_workspace\soc-thunderboard-sense-2\protocol\bluetooth_2.6\lib\EFR32MG12P\GCC\bgapi.a(gecko_bgapi_gatt.c.obj) (lib_gatt_handler_init)
C:\Users\danie\SimplicityStudio\v4_workspace\soc-thunderboard-sense-2\protocol\bluetooth_2.6\lib\EFR32MG12P\GCC\bgapi.a(bgapi_ps.c.obj)
                              C:\Users\danie\SimplicityStudio\v4_workspace\soc-thunderboard-sense-2\protocol\bluetooth_2.6\lib\EFR32MG12P\GCC\bgapi.a(gecko_bgapi_flash.c.obj) (lib_flash_handler_init)
C:\Users\danie\SimplicityStudio\v4_workspace\soc-thunderboard-sense-2\protocol\bluetooth_2.6\lib\EFR32MG12P\GCC\bgapi.a(bgapi_sm.c.obj)
                              C:\Users\danie\SimplicityStudio\v4_workspace\soc-thunderboard-sense-2\protocol\bluetooth_2.6\lib\EFR32MG12P\GCC\bgapi.a(gecko_bgapi_sm.c.obj) (lib_sm_handler_init)
C:\Users\danie\SimplicityStudio\v4_workspace\soc-thunderboard-sense-2\protocol\bluetooth_2.6\lib\EFR32MG12P\GCC\bgapi.a(bgapi_system.c.obj)
[...]
Memory Configuration

Name             Origin             Length             Attributes
FLASH_BOOTLOADER 0x0fe10000         0x00004000         xr
FLASH            0x00000000         0x000fb000         xr
RAM              0x20003000         0x0003cffc         xrw
*default*        0x00000000         0xffffffff

Linker script and memory map

LOAD c:/siliconlabs/simplicitystudio/v4/developer/toolchains/gnu_arm/4.9_2015q3/bin/../lib/gcc/arm-none-eabi/4.9.3/armv7e-m/fpu/crti.o
LOAD c:/siliconlabs/simplicitystudio/v4/developer/toolchains/gnu_arm/4.9_2015q3/bin/../lib/gcc/arm-none-eabi/4.9.3/armv7e-m/fpu/crtbegin.o
LOAD c:/siliconlabs/simplicitystudio/v4/developer/toolchains/gnu_arm/4.9_2015q3/bin/../lib/gcc/arm-none-eabi/4.9.3/../../../../arm-none-eabi/lib/armv7e-m/fpu/crt0.o
LOAD ./advertisement-callback.o
LOAD ./aio.o
LOAD ./app.o
LOAD ./app_ble.o
LOAD ./app_ble_adv.o
LOAD ./app_callback.o
LOAD ./application_properties.o
LOAD ./batt.o
LOAD ./connection-callback.o
LOAD ./connection.o
LOAD ./es.o
LOAD ./gatt_db.o
LOAD ./hallservice.o
LOAD ./iaq.o
LOAD ./imus.o
LOAD ./main.o
LOAD ./power.o
LOAD ./pti.o
LOAD ./radio_ble.o
LOAD ./timedelay.o
LOAD ./ui.o
LOAD ./hardware/kit/common/bsp/bsp_stk.o
LOAD ./hardware/kit/common/bsp/thunderboard/bap.o
LOAD ./hardware/kit/common/bsp/thunderboard/board_4166.o
LOAD ./hardware/kit/common/bsp/thunderboard/ccs811.o
LOAD ./hardware/kit/common/bsp/thunderboard/hall.o
LOAD ./hardware/kit/common/bsp/thunderboard/hall_si7210.o
LOAD ./hardware/kit/common/bsp/thunderboard/icm20648.o
LOAD ./hardware/kit/common/bsp/thunderboard/mic_i2s.o
LOAD ./hardware/kit/common/bsp/thunderboard/si1133.o
LOAD ./hardware/kit/common/bsp/thunderboard/si7021.o
LOAD ./hardware/kit/common/bsp/thunderboard/util.o
LOAD ./hardware/kit/common/bsp/thunderboard/util_supply.o
LOAD ./hardware/kit/common/bsp/thunderboard/bosch/BMP280_driver/bmp280.o
LOAD ./hardware/kit/common/bsp/thunderboard/imu/imu.o
LOAD ./hardware/kit/common/bsp/thunderboard/imu/imu_dcm.o
LOAD ./hardware/kit/common/bsp/thunderboard/imu/imu_fuse.o
LOAD ./hardware/kit/common/bsp/thunderboard/imu/imu_math.o
LOAD ./hardware/kit/common/bsp/thunderboard/rfs/rfs.o
LOAD ./hardware/kit/common/drivers/i2cspm.o
LOAD ./hardware/kit/common/drivers/retargetio.o
LOAD ./hardware/kit/common/drivers/retargetserial.o
LOAD ./platform/Device/SiliconLabs/EFR32MG12P/Source/GCC/startup_efr32mg12p.o
LOAD ./platform/emdrv/dmadrv/src/dmadrv.o
LOAD ./platform/emdrv/gpiointerrupt/src/gpiointerrupt.o
LOAD ./platform/emlib/src/em_adc.o
LOAD ./platform/emlib/src/em_cmu.o
LOAD ./platform/emlib/src/em_cryotimer.o
LOAD ./platform/emlib/src/em_gpio.o
LOAD ./platform/emlib/src/em_i2c.o
LOAD ./platform/emlib/src/em_ldma.o
LOAD ./platform/emlib/src/em_leuart.o
LOAD ./platform/emlib/src/em_msc.o
LOAD ./platform/emlib/src/em_prs.o
LOAD ./platform/emlib/src/em_rtcc.o
LOAD ./platform/emlib/src/em_system.o
LOAD ./platform/emlib/src/em_timer.o
LOAD ./platform/emlib/src/em_usart.o
LOAD C:\Users\danie\SimplicityStudio\v4_workspace\soc-thunderboard-sense-2\protocol\bluetooth_2.6\lib\EFR32MG12P\EABI\stack.a
LOAD C:\Users\danie\SimplicityStudio\v4_workspace\soc-thunderboard-sense-2\protocol\bluetooth_2.6\lib\EFR32MG12P\EABI\binstack.o
LOAD C:\Users\danie\SimplicityStudio\v4_workspace\soc-thunderboard-sense-2\protocol\bluetooth_2.6\lib\EFR32MG12P\GCC\bgapi.a
LOAD c:/siliconlabs/simplicitystudio/v4/developer/toolchains/gnu_arm/4.9_2015q3/bin/../lib/gcc/arm-none-eabi/4.9.3/../../../../arm-none-eabi/lib/armv7e-m/fpu\libm.a
START GROUP
LOAD c:/siliconlabs/simplicitystudio/v4/developer/toolchains/gnu_arm/4.9_2015q3/bin/../lib/gcc/arm-none-eabi/4.9.3/armv7e-m/fpu\libgcc.a
LOAD c:/siliconlabs/simplicitystudio/v4/developer/toolchains/gnu_arm/4.9_2015q3/bin/../lib/gcc/arm-none-eabi/4.9.3/../../../../arm-none-eabi/lib/armv7e-m/fpu\libc.a
LOAD c:/siliconlabs/simplicitystudio/v4/developer/toolchains/gnu_arm/4.9_2015q3/bin/../lib/gcc/arm-none-eabi/4.9.3/../../../../arm-none-eabi/lib/armv7e-m/fpu\libnosys.a
END GROUP
START GROUP
LOAD c:/siliconlabs/simplicitystudio/v4/developer/toolchains/gnu_arm/4.9_2015q3/bin/../lib/gcc/arm-none-eabi/4.9.3/armv7e-m/fpu\libgcc.a
LOAD c:/siliconlabs/simplicitystudio/v4/developer/toolchains/gnu_arm/4.9_2015q3/bin/../lib/gcc/arm-none-eabi/4.9.3/../../../../arm-none-eabi/lib/armv7e-m/fpu\libg.a
LOAD c:/siliconlabs/simplicitystudio/v4/developer/toolchains/gnu_arm/4.9_2015q3/bin/../lib/gcc/arm-none-eabi/4.9.3/../../../../arm-none-eabi/lib/armv7e-m/fpu\libc.a
END GROUP
LOAD c:/siliconlabs/simplicitystudio/v4/developer/toolchains/gnu_arm/4.9_2015q3/bin/../lib/gcc/arm-none-eabi/4.9.3/armv7e-m/fpu/crtend.o
LOAD c:/siliconlabs/simplicitystudio/v4/developer/toolchains/gnu_arm/4.9_2015q3/bin/../lib/gcc/arm-none-eabi/4.9.3/armv7e-m/fpu/crtn.o

.text_bootloader
                0x0fe10000        0x0
 *(.binbootloader*)
                0x0fe10000                . = ALIGN (0x4000)

.text_stack_bin
                0x00000000    0x1e1fc
 *(.binstack*)
 .binstack      0x00000000    0x1e1fc C:\Users\danie\SimplicityStudio\v4_workspace\soc-thunderboard-sense-2\protocol\bluetooth_2.6\lib\EFR32MG12P\EABI\binstack.o

.text_signature
                0x0001e1fc      0x604
                0x0001e23c                . = (. + 0x40)
 *fill*         0x0001e1fc       0x40 
                0x0001e800                . = ALIGN (0x800)
 *fill*         0x0001e23c      0x5c4 
                0x0001e800                __text_start__ = .

.text_app       0x0001e800     0xdfac
 *(.AAT)
 .AAT           0x0001e800       0x80 ./main.o
                0x0001e800                AppAddressTable
 *(.vectors)
 .vectors       0x0001e880      0x10c ./platform/Device/SiliconLabs/EFR32MG12P/Source/GCC/startup_efr32mg12p.o
                0x0001e880                __Vectors
                0x0001e98c                __Vectors_End = .
                0x0000010c                __Vectors_Size = (__Vectors_End - __Vectors)
                0x0001e98c                __end__ = .
 *(.gecko_configuration)
 *(.xo_configuration)
 *(.gatt_header)
 .gatt_header   0x0001e98c       0x34 ./gatt_db.o
                0x0001e98c                bg_gattdb_data
 *(.gatt_data)
 .gatt_data     0x0001e9c0      0xa1a ./gatt_db.o
                0x0001e9c0                bg_gattdb_data_adv_uuid128_map
                0x0001e9c4                bg_gattdb_data_adv_uuid16_map
                0x0001e9c8                bg_gattdb_data_attributes_dynamic_mapping_map
                0x0001ea04                bg_gattdb_data_attributes_map
                0x0001ee78                bg_gattdb_data_attribute_field_0
                0x0001ee7c                bg_gattdb_data_attribute_field_1
                0x0001ee84                bg_gattdb_data_attribute_field_2
                0x0001ee8c                bg_gattdb_data_attribute_field_3
                0x0001ee94                bg_gattdb_data_attribute_field_4
                0x0001ee98                bg_gattdb_data_attribute_field_5
                0x0001ee9c                bg_gattdb_data_attribute_field_6
                0x0001eea4                bg_gattdb_data_attribute_field_7
                0x0001eeac                bg_gattdb_data_attribute_field_9
                0x0001eeb0                bg_gattdb_data_attribute_field_10
                0x0001eeb8                bg_gattdb_data_attribute_field_11
                0x0001eed0                bg_gattdb_data_attribute_field_12
                0x0001eed8                bg_gattdb_data_attribute_field_13
                0x0001eee4                bg_gattdb_data_attribute_field_14
                0x0001eeec                bg_gattdb_data_attribute_field_15
                0x0001eef4                bg_gattdb_data_attribute_field_16
                0x0001eefc                bg_gattdb_data_attribute_field_17
                0x0001ef04                bg_gattdb_data_attribute_field_18
                0x0001ef0c                bg_gattdb_data_attribute_field_19
                0x0001ef14                bg_gattdb_data_attribute_field_20
                0x0001ef1c                bg_gattdb_data_attribute_field_21
                0x0001ef24                bg_gattdb_data_attribute_field_22
                0x0001ef28                bg_gattdb_data_attribute_field_23
                0x0001ef30                bg_gattdb_data_attribute_field_24
                0x0001ef38                bg_gattdb_data_attribute_field_26
                0x0001ef3c                bg_gattdb_data_attribute_field_27
                0x0001ef44                bg_gattdb_data_attribute_field_28
                0x0001ef4c                bg_gattdb_data_attribute_field_29
                0x0001ef54                bg_gattdb_data_attribute_field_30
                0x0001ef5c                bg_gattdb_data_attribute_field_31
                0x0001ef64                bg_gattdb_data_attribute_field_32
                0x0001ef6c                bg_gattdb_data_attribute_field_33
                0x0001ef74                bg_gattdb_data_attribute_field_34
                0x0001ef7c                bg_gattdb_data_attribute_field_35
                0x0001ef94                bg_gattdb_data_attribute_field_36
                0x0001ef9c                bg_gattdb_data_attribute_field_37
                0x0001efb4                bg_gattdb_data_attribute_field_38
                0x0001efbc                bg_gattdb_data_attribute_field_39
                0x0001efd4                bg_gattdb_data_attribute_field_40
                0x0001efdc                bg_gattdb_data_attribute_field_42
                0x0001eff0                bg_gattdb_data_attribute_field_43
                0x0001f008                bg_gattdb_data_attribute_field_44
                0x0001f010                bg_gattdb_data_attribute_field_45
                0x0001f024                bg_gattdb_data_attribute_field_46
                0x0001f03c                bg_gattdb_data_attribute_field_47
                0x0001f044                bg_gattdb_data_attribute_field_48
                0x0001f05c                bg_gattdb_data_attribute_field_49
                0x0001f064                bg_gattdb_data_attribute_field_50
                0x0001f07c                bg_gattdb_data_attribute_field_51
                0x0001f084                bg_gattdb_data_attribute_field_53
                0x0001f098                bg_gattdb_data_attribute_field_54
                0x0001f0b0                bg_gattdb_data_attribute_field_55
                0x0001f0b8                bg_gattdb_data_attribute_field_56
                0x0001f0d0                bg_gattdb_data_attribute_field_57
                0x0001f0d8                bg_gattdb_data_attribute_field_59
                0x0001f0f0                bg_gattdb_data_attribute_field_60
                0x0001f0f8                bg_gattdb_data_attribute_field_62
                0x0001f110                bg_gattdb_data_attribute_field_63
                0x0001f118                bg_gattdb_data_attribute_field_65
                0x0001f11c                bg_gattdb_data_attribute_field_66
                0x0001f124                bg_gattdb_data_attribute_field_67
                0x0001f12c                bg_gattdb_data_attribute_field_69
                0x0001f138                bg_gattdb_data_attribute_field_70
                0x0001f13c                bg_gattdb_data_attribute_field_71
                0x0001f144                bg_gattdb_data_attribute_field_72
                0x0001f14c                bg_gattdb_data_attribute_field_73
                0x0001f158                bg_gattdb_data_attribute_field_74
                0x0001f15c                bg_gattdb_data_attribute_field_75
                0x0001f170                bg_gattdb_data_attribute_field_76
                0x0001f188                bg_gattdb_data_attribute_field_77
                0x0001f190                bg_gattdb_data_attribute_field_79
                0x0001f1a8                bg_gattdb_data_attribute_field_80
                0x0001f1b0                bg_gattdb_data_attribute_field_82
                0x0001f1c8                bg_gattdb_data_attribute_field_83
                0x0001f1d0                bg_gattdb_data_attribute_field_85
                0x0001f1e4                bg_gattdb_data_attribute_field_86
                0x0001f1fc                bg_gattdb_data_attribute_field_87
                0x0001f204                bg_gattdb_data_attribute_field_89
                0x0001f21c                bg_gattdb_data_attribute_field_90
                0x0001f224                bg_gattdb_data_attribute_field_92
                0x0001f23c                bg_gattdb_data_attribute_field_93
                0x0001f244                bg_gattdb_data_uuidtable_128_map
                0x0001f3a4                bg_gattdb_data_uuidtable_16_map
 *(.application_properties)
 *fill*         0x0001f3da        0x2 
 .application_properties
                0x0001f3dc       0x38 ./application_properties.o
                0x0001f3dc                applicationProperties
 *(.text*)
 .text          0x0001f414       0x5c c:/siliconlabs/simplicitystudio/v4/developer/toolchains/gnu_arm/4.9_2015q3/bin/../lib/gcc/arm-none-eabi/4.9.3/armv7e-m/fpu/crtbegin.o
 .text          0x0001f470       0x74 c:/siliconlabs/simplicitystudio/v4/developer/toolchains/gnu_arm/4.9_2015q3/bin/../lib/gcc/arm-none-eabi/4.9.3/../../../../arm-none-eabi/lib/armv7e-m/fpu/crt0.o
                0x0001f470                _start
                0x0001f470                _mainCRTStartup
 .text.MAIN_initSensors
                0x0001f4e4       0xb8 ./main.o
                0x0001f4e4                MAIN_initSensors
 .text.startup.main
                0x0001f59c      0x2dc ./main.o
                0x0001f59c                main
 .text.RADIO_bleHallStateCallback
                0x0001f878       0x20 ./radio_ble.o
                0x0001f878                RADIO_bleHallStateCallback
 .text.RADIO_bleChipInit
                0x0001f898       0xfc ./radio_ble.o
                0x0001f898                RADIO_bleChipInit
 .text.RADIO_bleStackInit
                0x0001f994       0x74 ./radio_ble.o
                0x0001f994                RADIO_bleStackInit
 .text.uiInit   0x0001fa08       0x1c ./ui.o
                0x0001fa08                uiInit
 .text.i2cBusRead
                0x0001fa24       0x48 ./hardware/kit/common/bsp/thunderboard/bap.o
 .text.i2cBusWrite
                0x0001fa6c       0x48 ./hardware/kit/common/bsp/thunderboard/bap.o
 .text.BAP_init
                0x0001fab4       0xb0 ./hardware/kit/common/bsp/thunderboard/bap.o
                0x0001fab4                BAP_init
 .text.gpioInterruptHandler
                0x0001fb64       0x54 ./hardware/kit/common/bsp/thunderboard/board_4166.o
 .text.BOARD_envSensEnable.part.1
                0x0001fbb8       0x28 ./hardware/kit/common/bsp/thunderboard/board_4166.o
 .text.BOARD_init
                0x0001fbe0      0x2c4 ./hardware/kit/common/bsp/thunderboard/board_4166.o
                0x0001fbe0                BOARD_init
 .text.BOARD_flashDeepPowerDown
                0x0001fea4       0xf8 ./hardware/kit/common/bsp/thunderboard/board_4166.o
                0x0001fea4                BOARD_flashDeepPowerDown
 .text.BOARD_pushButtonGetState
                0x0001ff9c       0x14 ./hardware/kit/common/bsp/thunderboard/board_4166.o
                0x0001ff9c                BOARD_pushButtonGetState
 .text.BOARD_rgbledPowerEnable
                0x0001ffb0       0x20 ./hardware/kit/common/bsp/thunderboard/board_4166.o
                0x0001ffb0                BOARD_rgbledPowerEnable
 .text.BOARD_rgbledEnable
                0x0001ffd0       0x7c ./hardware/kit/common/bsp/thunderboard/board_4166.o
                0x0001ffd0                BOARD_rgbledEnable
 .text.BOARD_ledSet
                0x0002004c       0x70 ./hardware/kit/common/bsp/thunderboard/board_4166.o
                0x0002004c                BOARD_ledSet
 .text.BOARD_rgbledSetRawColor.part.0
                0x000200bc       0x2c ./hardware/kit/common/bsp/thunderboard/board_4166.o
 .text.BOARD_rgbledSetRawColor
                0x000200e8       0x34 ./hardware/kit/common/bsp/thunderboard/board_4166.o
                0x000200e8                BOARD_rgbledSetRawColor
 .text.BOARD_rgbledSetColor
                0x0002011c       0x18 ./hardware/kit/common/bsp/thunderboard/board_4166.o
                0x0002011c                BOARD_rgbledSetColor
 .text.BOARD_envSensEnable
                0x00020134       0x38 ./hardware/kit/common/bsp/thunderboard/board_4166.o
                0x00020134                BOARD_envSensEnable
 .text.BOARD_bapEnable
                0x0002016c       0x3c ./hardware/kit/common/bsp/thunderboard/board_4166.o
                0x0002016c                BOARD_bapEnable
 .text.BOARD_rhtempEnable
                0x000201a8       0x3c ./hardware/kit/common/bsp/thunderboard/board_4166.o
                0x000201a8                BOARD_rhtempEnable
 .text.BOARD_alsEnable
                0x000201e4       0x3c ./hardware/kit/common/bsp/thunderboard/board_4166.o
                0x000201e4                BOARD_alsEnable
 .text.BOARD_hallSensorEnable
                0x00020220       0x88 ./hardware/kit/common/bsp/thunderboard/board_4166.o
                0x00020220                BOARD_hallSensorEnable
 .text.BOARD_hallSensorEnableIRQ
                0x000202a8       0x1c ./hardware/kit/common/bsp/thunderboard/board_4166.o
                0x000202a8                BOARD_hallSensorEnableIRQ
 .text.BOARD_micEnable
                0x000202c4       0x24 ./hardware/kit/common/bsp/thunderboard/board_4166.o
                0x000202c4                BOARD_micEnable
 .text.BOARD_gasSensorEnable
                0x000202e8       0x88 ./hardware/kit/common/bsp/thunderboard/board_4166.o
                0x000202e8                BOARD_gasSensorEnable
 .text.BOARD_gasSensorWake
                0x00020370       0x30 ./hardware/kit/common/bsp/thunderboard/board_4166.o
                0x00020370                BOARD_gasSensorWake
 .text.BOARD_i2cBusSelect
                0x000203a0       0x84 ./hardware/kit/common/bsp/thunderboard/board_4166.o
                0x000203a0                BOARD_i2cBusSelect
 .text.BOARD_hallSensorSetIRQCallback
                0x00020424       0x1c ./hardware/kit/common/bsp/thunderboard/board_4166.o
                0x00020424                BOARD_hallSensorSetIRQCallback
 .text.CCS811_readMailbox
                0x00020440       0x5c ./hardware/kit/common/bsp/thunderboard/ccs811.o
                0x00020440                CCS811_readMailbox
 .text.CCS811_init
                0x0002049c       0x44 ./hardware/kit/common/bsp/thunderboard/ccs811.o
                0x0002049c                CCS811_init
 .text.CCS811_startApplication
                0x000204e0       0x7c ./hardware/kit/common/bsp/thunderboard/ccs811.o
                0x000204e0                CCS811_startApplication
 .text.CCS811_setMeasureMode
                0x0002055c       0x60 ./hardware/kit/common/bsp/thunderboard/ccs811.o
                0x0002055c                CCS811_setMeasureMode
 .text.gpioIntCallback
                0x000205bc       0x1c ./hardware/kit/common/bsp/thunderboard/hall.o
 .text.HALL_init
                0x000205d8       0x30 ./hardware/kit/common/bsp/thunderboard/hall.o
                0x000205d8                HALL_init
 .text.HALL_registerCallback
                0x00020608        0xc ./hardware/kit/common/bsp/thunderboard/hall.o
                0x00020608                HALL_registerCallback
 *fill*         0x00020614        0x4 
 .text.SI7210_calculateSWHYST
                0x00020618       0x88 ./hardware/kit/common/bsp/thunderboard/hall_si7210.o
                0x00020618                SI7210_calculateSWHYST
 .text.SI7210_registerRead
                0x000206a0       0x44 ./hardware/kit/common/bsp/thunderboard/hall_si7210.o
                0x000206a0                SI7210_registerRead
 .text.SI7210_registerWrite
                0x000206e4       0x4c ./hardware/kit/common/bsp/thunderboard/hall_si7210.o
                0x000206e4                SI7210_registerWrite
 .text.SI7210_regSetBits
                0x00020730       0x28 ./hardware/kit/common/bsp/thunderboard/hall_si7210.o
                0x00020730                SI7210_regSetBits
 .text.SI7210_regClearBits
                0x00020758       0x2c ./hardware/kit/common/bsp/thunderboard/hall_si7210.o
                0x00020758                SI7210_regClearBits
 .text.SI7210_wakeUp
                0x00020784       0x74 ./hardware/kit/common/bsp/thunderboard/hall_si7210.o
                0x00020784                SI7210_wakeUp
 .text.HALL_configure
                0x000207f8      0x118 ./hardware/kit/common/bsp/thunderboard/hall_si7210.o
                0x000207f8                HALL_configure
 .text.SI7210_identify
                0x00020910       0x54 ./hardware/kit/common/bsp/thunderboard/hall_si7210.o
                0x00020910                SI7210_identify
 .text.HALL_initDevice
                0x00020964       0x40 ./hardware/kit/common/bsp/thunderboard/hall_si7210.o
                0x00020964                HALL_initDevice
 .text.dmaCompleteCallback
                0x000209a4       0xc0 ./hardware/kit/common/bsp/thunderboard/mic_i2s.o
 .text.MIC_init
                0x00020a64      0x17c ./hardware/kit/common/bsp/thunderboard/mic_i2s.o
                0x00020a64                MIC_init
 .text.MIC_stopSampling
                0x00020be0       0x2c ./hardware/kit/common/bsp/thunderboard/mic_i2s.o
                0x00020be0                MIC_stopSampling
 .text.MIC_start
                0x00020c0c       0x30 ./hardware/kit/common/bsp/thunderboard/mic_i2s.o
                0x00020c0c                MIC_start
 .text.MIC_getSampleBuffer
                0x00020c3c        0xc ./hardware/kit/common/bsp/thunderboard/mic_i2s.o
                0x00020c3c                MIC_getSampleBuffer
 .text.MIC_isBusy
                0x00020c48       0x10 ./hardware/kit/common/bsp/thunderboard/mic_i2s.o
                0x00020c48                MIC_isBusy
 .text.SI1133_registerRead
                0x00020c58       0x44 ./hardware/kit/common/bsp/thunderboard/si1133.o
                0x00020c58                SI1133_registerRead
 .text.SI1133_waitUntilSleep
                0x00020c9c       0x34 ./hardware/kit/common/bsp/thunderboard/si1133.o
 .text.SI1133_registerWrite
                0x00020cd0       0x48 ./hardware/kit/common/bsp/thunderboard/si1133.o
                0x00020cd0                SI1133_registerWrite
 .text.SI1133_registerBlockWrite
                0x00020d18       0x60 ./hardware/kit/common/bsp/thunderboard/si1133.o
                0x00020d18                SI1133_registerBlockWrite
 .text.SI1133_reset
                0x00020d78       0x1c ./hardware/kit/common/bsp/thunderboard/si1133.o
                0x00020d78                SI1133_reset
 .text.SI1133_paramSet
                0x00020d94       0x78 ./hardware/kit/common/bsp/thunderboard/si1133.o
                0x00020d94                SI1133_paramSet
 .text.SI1133_init
                0x00020e0c       0xa8 ./hardware/kit/common/bsp/thunderboard/si1133.o
                0x00020e0c                SI1133_init
 .text.SI7021_deInit
                0x00020eb4        0x8 ./hardware/kit/common/bsp/thunderboard/si7021.o
                0x00020eb4                SI7021_deInit
 .text.SI7021_cmdRead
                0x00020ebc       0x54 ./hardware/kit/common/bsp/thunderboard/si7021.o
                0x00020ebc                SI7021_cmdRead
 .text.SI7021_init
                0x00020f10       0x3c ./hardware/kit/common/bsp/thunderboard/si7021.o
                0x00020f10                SI7021_init
 .text.SI7021_cmdWrite
                0x00020f4c       0x50 ./hardware/kit/common/bsp/thunderboard/si7021.o
                0x00020f4c                SI7021_cmdWrite
 .text.UTIL_init
                0x00020f9c       0x44 ./hardware/kit/common/bsp/thunderboard/util.o
                0x00020f9c                UTIL_init
 .text.SysTick_Handler
                0x00020fe0       0x10 ./hardware/kit/common/bsp/thunderboard/util.o
                0x00020fe0                SysTick_Handler
 .text.UTIL_delay
                0x00020ff0       0x30 ./hardware/kit/common/bsp/thunderboard/util.o
                0x00020ff0                UTIL_delay
 .text.measureSupplyVoltage.constprop.1
                0x00021020      0x14c ./hardware/kit/common/bsp/thunderboard/util_supply.o
 *fill*         0x0002116c        0x4 
 .text.UTIL_supplyProbe
                0x00021170      0x13c ./hardware/kit/common/bsp/thunderboard/util_supply.o
                0x00021170                UTIL_supplyProbe
 .text.UTIL_supplyGetCharacteristics
                0x000212ac       0x28 ./hardware/kit/common/bsp/thunderboard/util_supply.o
                0x000212ac                UTIL_supplyGetCharacteristics
 .text.UTIL_isLowPower
                0x000212d4       0x14 ./hardware/kit/common/bsp/thunderboard/util_supply.o
                0x000212d4                UTIL_isLowPower
 .text.bmp280_get_calib_param
                0x000212e8       0xe0 ./hardware/kit/common/bsp/thunderboard/bosch/BMP280_driver/bmp280.o
                0x000212e8                bmp280_get_calib_param
 .text.bmp280_init
                0x000213c8       0x74 ./hardware/kit/common/bsp/thunderboard/bosch/BMP280_driver/bmp280.o
                0x000213c8                bmp280_init
 .text.bmp280_set_power_mode
                0x0002143c       0x44 ./hardware/kit/common/bsp/thunderboard/bosch/BMP280_driver/bmp280.o
                0x0002143c                bmp280_set_power_mode
 .text.bmp280_set_work_mode
                0x00021480       0xb4 ./hardware/kit/common/bsp/thunderboard/bosch/BMP280_driver/bmp280.o
                0x00021480                bmp280_set_work_mode
 .text.I2CSPM_Init
                0x00021534       0xb8 ./hardware/kit/common/drivers/i2cspm.o
                0x00021534                I2CSPM_Init
 .text.I2CSPM_Transfer
                0x000215ec       0x24 ./hardware/kit/common/drivers/i2cspm.o
                0x000215ec                I2CSPM_Transfer
 .text._close   0x00021610        0x4 ./hardware/kit/common/drivers/retargetio.o
                0x00021610                _close
 .text._exit    0x00021614        0x4 ./hardware/kit/common/drivers/retargetio.o
                0x00021614                _exit
 .text._fstat   0x00021618        0xc ./hardware/kit/common/drivers/retargetio.o
                0x00021618                _fstat
 .text._isatty  0x00021624        0x4 ./hardware/kit/common/drivers/retargetio.o
                0x00021624                _isatty
 .text._lseek   0x00021628        0x4 ./hardware/kit/common/drivers/retargetio.o
                0x00021628                _lseek
 .text._read    0x0002162c       0x30 ./hardware/kit/common/drivers/retargetio.o
                0x0002162c                _read
 .text._sbrk    0x0002165c       0x1c ./hardware/kit/common/drivers/retargetio.o
                0x0002165c                _sbrk
 .text._write   0x00021678       0x1c ./hardware/kit/common/drivers/retargetio.o
                0x00021678                _write
 .text.USART0_RX_IRQHandler
                0x00021694       0x58 ./hardware/kit/common/drivers/retargetserial.o
                0x00021694                USART0_RX_IRQHandler
 .text.RETARGET_SerialInit
                0x000216ec       0xc0 ./hardware/kit/common/drivers/retargetserial.o
                0x000216ec                RETARGET_SerialInit
 .text.RETARGET_ReadChar
                0x000217ac       0x58 ./hardware/kit/common/drivers/retargetserial.o
                0x000217ac                RETARGET_ReadChar
 .text.RETARGET_WriteChar
                0x00021804       0x58 ./hardware/kit/common/drivers/retargetserial.o
                0x00021804                RETARGET_WriteChar
 .text.Default_Handler
                0x0002185c        0x4 ./platform/Device/SiliconLabs/EFR32MG12P/Source/GCC/startup_efr32mg12p.o
                0x0002185c                DebugMon_Handler
                0x0002185c                USART0_TX_IRQHandler
                0x0002185c                I2C0_IRQHandler
                0x0002185c                HardFault_Handler
                0x0002185c                USART1_RX_IRQHandler
                0x0002185c                PendSV_Handler
                0x0002185c                NMI_Handler
                0x0002185c                SYNTH_IRQHandler
                0x0002185c                I2C1_IRQHandler
                0x0002185c                WTIMER0_IRQHandler
                0x0002185c                CRYPTO0_IRQHandler
                0x0002185c                WDOG0_IRQHandler
                0x0002185c                USART1_TX_IRQHandler
                0x0002185c                SMU_IRQHandler
                0x0002185c                MSC_IRQHandler
                0x0002185c                ADC0_IRQHandler
                0x0002185c                UsageFault_Handler
                0x0002185c                WDOG1_IRQHandler
                0x0002185c                LEUART0_IRQHandler
                0x0002185c                FPUEH_IRQHandler
                0x0002185c                WTIMER1_IRQHandler
                0x0002185c                VDAC0_IRQHandler
                0x0002185c                CSEN_IRQHandler
                0x0002185c                CRYPTO1_IRQHandler
                0x0002185c                TIMER0_IRQHandler
                0x0002185c                PCNT2_IRQHandler
                0x0002185c                LETIMER0_IRQHandler
                0x0002185c                TIMER1_IRQHandler
                0x0002185c                TRNG0_IRQHandler
                0x0002185c                RFSENSE_IRQHandler
                0x0002185c                BUFC_IRQHandler
                0x0002185c                MODEM_IRQHandler
                0x0002185c                USART2_RX_IRQHandler
                0x0002185c                Default_Handler
                0x0002185c                RAC_SEQ_IRQHandler
                0x0002185c                FRC_PRI_IRQHandler
                0x0002185c                FRC_IRQHandler
                0x0002185c                CRYOTIMER_IRQHandler
                0x0002185c                PCNT0_IRQHandler
                0x0002185c                AGC_IRQHandler
                0x0002185c                PCNT1_IRQHandler
                0x0002185c                ACMP0_IRQHandler
                0x0002185c                MemManage_Handler
                0x0002185c                SVC_Handler
                0x0002185c                USART3_RX_IRQHandler
                0x0002185c                RTCC_IRQHandler
                0x0002185c                CMU_IRQHandler
                0x0002185c                RAC_RSM_IRQHandler
                0x0002185c                LESENSE_IRQHandler
                0x0002185c                USART3_TX_IRQHandler
                0x0002185c                PROTIMER_IRQHandler
                0x0002185c                BusFault_Handler
                0x0002185c                USART2_TX_IRQHandler
                0x0002185c                IDAC0_IRQHandler
 .text.Reset_Handler
                0x00021860       0x34 ./platform/Device/SiliconLabs/EFR32MG12P/Source/GCC/startup_efr32mg12p.o
                0x00021860                Reset_Handler
 .text.DMADRV_AllocateChannel
                0x00021894       0x5c ./platform/emdrv/dmadrv/src/dmadrv.o
                0x00021894                DMADRV_AllocateChannel
 .text.DMADRV_FreeChannel
                0x000218f0       0x50 ./platform/emdrv/dmadrv/src/dmadrv.o
                0x000218f0                DMADRV_FreeChannel
 .text.DMADRV_Init
                0x00021940       0x60 ./platform/emdrv/dmadrv/src/dmadrv.o
                0x00021940                DMADRV_Init
 .text.DMADRV_LdmaStartTransfer
                0x000219a0       0x48 ./platform/emdrv/dmadrv/src/dmadrv.o
                0x000219a0                DMADRV_LdmaStartTransfer
 .text.DMADRV_StopTransfer
                0x000219e8       0x40 ./platform/emdrv/dmadrv/src/dmadrv.o
                0x000219e8                DMADRV_StopTransfer
 .text.LDMA_IRQHandler
                0x00021a28       0x4c ./platform/emdrv/dmadrv/src/dmadrv.o
                0x00021a28                LDMA_IRQHandler
 .text.GPIOINT_IRQDispatcher
                0x00021a74       0x2c ./platform/emdrv/gpiointerrupt/src/gpiointerrupt.o
 .text.GPIOINT_Init
                0x00021aa0       0x1c ./platform/emdrv/gpiointerrupt/src/gpiointerrupt.o
                0x00021aa0                GPIOINT_Init
 .text.GPIOINT_CallbackRegister
                0x00021abc       0x1c ./platform/emdrv/gpiointerrupt/src/gpiointerrupt.o
                0x00021abc                GPIOINT_CallbackRegister
 .text.GPIO_EVEN_IRQHandler
                0x00021ad8       0x20 ./platform/emdrv/gpiointerrupt/src/gpiointerrupt.o
                0x00021ad8                GPIO_EVEN_IRQHandler
 .text.GPIO_ODD_IRQHandler
                0x00021af8       0x20 ./platform/emdrv/gpiointerrupt/src/gpiointerrupt.o
                0x00021af8                GPIO_ODD_IRQHandler
 .text.ADC_LoadDevinfoCal
                0x00021b18       0xb8 ./platform/emlib/src/em_adc.o
 .text.ADC_InitSingle
                0x00021bd0       0xb8 ./platform/emlib/src/em_adc.o
                0x00021bd0                ADC_InitSingle
 .text.ADC_PrescaleCalc
                0x00021c88       0x4c ./platform/emlib/src/em_adc.o
                0x00021c88                ADC_PrescaleCalc
 .text.ADC_Init
                0x00021cd4       0x60 ./platform/emlib/src/em_adc.o
                0x00021cd4                ADC_Init
 .text.ADC_TimebaseCalc
                0x00021d34       0x30 ./platform/emlib/src/em_adc.o
                0x00021d34                ADC_TimebaseCalc
 .text.flashWaitStateControl
                0x00021d64       0x60 ./platform/emlib/src/em_cmu.o
 .text.flashWaitStateMax
                0x00021dc4       0x10 ./platform/emlib/src/em_cmu.o
 .text.CMU_OscillatorTuningSet.part.2
                0x00021dd4       0x3c ./platform/emlib/src/em_cmu.o
 .text.CMU_ClockEnable
                0x00021e10       0x8c ./platform/emlib/src/em_cmu.o
                0x00021e10                CMU_ClockEnable
 .text.CMU_ClockSelectGet
                0x00021e9c       0xcc ./platform/emlib/src/em_cmu.o
                0x00021e9c                CMU_ClockSelectGet
 .text.lfClkGet
                0x00021f68       0x94 ./platform/emlib/src/em_cmu.o
 .text.CMU_ClockFreqGet
                0x00021ffc      0x1a4 ./platform/emlib/src/em_cmu.o
                0x00021ffc                CMU_ClockFreqGet
 .text.CMU_OscillatorTuningWait
                0x000221a0       0x5c ./platform/emlib/src/em_cmu.o
                0x000221a0                CMU_OscillatorTuningWait
 .text.CMU_OscillatorEnable
                0x000221fc      0x118 ./platform/emlib/src/em_cmu.o
                0x000221fc                CMU_OscillatorEnable
 .text.CMU_ClockSelectSet
                0x00022314      0x2ac ./platform/emlib/src/em_cmu.o
                0x00022314                CMU_ClockSelectSet
 .text.CMU_HFXOInit
                0x000225c0       0x7c ./platform/emlib/src/em_cmu.o
                0x000225c0                CMU_HFXOInit
 .text.CMU_LFXOInit
                0x0002263c       0x40 ./platform/emlib/src/em_cmu.o
                0x0002263c                CMU_LFXOInit
 .text.GPIO_ExtIntConfig
                0x0002267c       0xb0 ./platform/emlib/src/em_gpio.o
                0x0002267c                GPIO_ExtIntConfig
 .text.GPIO_PinModeSet
                0x0002272c       0x84 ./platform/emlib/src/em_gpio.o
                0x0002272c                GPIO_PinModeSet
 .text.I2C_BusFreqSet.part.0
                0x000227b0       0x60 ./platform/emlib/src/em_i2c.o
 .text.I2C_Init
                0x00022810       0x3c ./platform/emlib/src/em_i2c.o
                0x00022810                I2C_Init
 .text.I2C_Transfer
                0x0002284c      0x224 ./platform/emlib/src/em_i2c.o
                0x0002284c                I2C_Transfer
 .text.I2C_TransferInit
                0x00022a70       0x78 ./platform/emlib/src/em_i2c.o
                0x00022a70                I2C_TransferInit
 .text.LDMA_Init
                0x00022ae8       0x58 ./platform/emlib/src/em_ldma.o
                0x00022ae8                LDMA_Init
 .text.LDMA_StartTransfer
                0x00022b40       0xa8 ./platform/emlib/src/em_ldma.o
                0x00022b40                LDMA_StartTransfer
 .text.LDMA_StopTransfer
                0x00022be8       0x28 ./platform/emlib/src/em_ldma.o
                0x00022be8                LDMA_StopTransfer
 .text.PRS_SourceAsyncSignalSet
                0x00022c10       0x1c ./platform/emlib/src/em_prs.o
                0x00022c10                PRS_SourceAsyncSignalSet
 .text.TIMER_Init
                0x00022c2c       0xb0 ./platform/emlib/src/em_timer.o
                0x00022c2c                TIMER_Init
 .text.TIMER_InitCC
                0x00022cdc       0x84 ./platform/emlib/src/em_timer.o
                0x00022cdc                TIMER_InitCC
 .text.USART_BaudrateAsyncSet
                0x00022d60       0x68 ./platform/emlib/src/em_usart.o
                0x00022d60                USART_BaudrateAsyncSet
 .text.USART_BaudrateSyncSet
                0x00022dc8       0x24 ./platform/emlib/src/em_usart.o
                0x00022dc8                USART_BaudrateSyncSet
 .text.USART_Enable
                0x00022dec       0x10 ./platform/emlib/src/em_usart.o
                0x00022dec                USART_Enable
 .text.USART_Reset
                0x00022dfc       0x60 ./platform/emlib/src/em_usart.o
                0x00022dfc                USART_Reset
 .text.USART_InitAsync
                0x00022e5c       0x74 ./platform/emlib/src/em_usart.o
                0x00022e5c                USART_InitAsync
 .text.USART_InitSync
                0x00022ed0       0x8c ./platform/emlib/src/em_usart.o
                0x00022ed0                USART_InitSync
 .text.USART_InitI2s
                0x00022f5c       0x5c ./platform/emlib/src/em_usart.o
                0x00022f5c                USART_InitI2s
 .text.USART_Rx
                0x00022fb8        0xc ./platform/emlib/src/em_usart.o
                0x00022fb8                USART_Rx
 .text.USART_SpiTransfer
                0x00022fc4       0x14 ./platform/emlib/src/em_usart.o
                0x00022fc4                USART_SpiTransfer
 .text.USART_Tx
                0x00022fd8        0xc ./platform/emlib/src/em_usart.o
                0x00022fd8                USART_Tx
 .text          0x00022fe4       0x18 C:\Users\danie\SimplicityStudio\v4_workspace\soc-thunderboard-sense-2\protocol\bluetooth_2.6\lib\EFR32MG12P\GCC\bgapi.a(gecko_bgapi_hardware.c.obj)
                0x00022fe4                gecko_bgapi_class_hardware_init
 .text          0x00022ffc       0x18 C:\Users\danie\SimplicityStudio\v4_workspace\soc-thunderboard-sense-2\protocol\bluetooth_2.6\lib\EFR32MG12P\GCC\bgapi.a(gecko_bgapi_test.c.obj)
                0x00022ffc                gecko_bgapi_class_test_init
 .text          0x00023014       0x18 C:\Users\danie\SimplicityStudio\v4_workspace\soc-thunderboard-sense-2\protocol\bluetooth_2.6\lib\EFR32MG12P\GCC\bgapi.a(gecko_bgapi_dfu.c.obj)
                0x00023014                gecko_bgapi_class_dfu_init
 .text          0x0002302c       0x18 C:\Users\danie\SimplicityStudio\v4_workspace\soc-thunderboard-sense-2\protocol\bluetooth_2.6\lib\EFR32MG12P\GCC\bgapi.a(gecko_bgapi_gap.c.obj)
                0x0002302c                gecko_bgapi_class_le_gap_init
 .text          0x00023044       0x18 C:\Users\danie\SimplicityStudio\v4_workspace\soc-thunderboard-sense-2\protocol\bluetooth_2.6\lib\EFR32MG12P\GCC\bgapi.a(gecko_bgapi_gatt.c.obj)
                0x00023044                gecko_bgapi_class_gatt_init
 .text          0x0002305c       0x18 C:\Users\danie\SimplicityStudio\v4_workspace\soc-thunderboard-sense-2\protocol\bluetooth_2.6\lib\EFR32MG12P\GCC\bgapi.a(gecko_bgapi_gatt_server.c.obj)
                0x0002305c                gecko_bgapi_class_gatt_server_init
 .text          0x00023074       0x18 C:\Users\danie\SimplicityStudio\v4_workspace\soc-thunderboard-sense-2\protocol\bluetooth_2.6\lib\EFR32MG12P\GCC\bgapi.a(gecko_bgapi_flash.c.obj)
                0x00023074                gecko_bgapi_class_flash_init
 .text          0x0002308c       0x18 C:\Users\danie\SimplicityStudio\v4_workspace\soc-thunderboard-sense-2\protocol\bluetooth_2.6\lib\EFR32MG12P\GCC\bgapi.a(gecko_bgapi_sm.c.obj)
                0x0002308c                gecko_bgapi_class_sm_init
 .text          0x000230a4       0x18 C:\Users\danie\SimplicityStudio\v4_workspace\soc-thunderboard-sense-2\protocol\bluetooth_2.6\lib\EFR32MG12P\GCC\bgapi.a(gecko_bgapi_system.c.obj)
                0x000230a4                gecko_bgapi_class_system_init
 .text          0x000230bc       0x18 C:\Users\danie\SimplicityStudio\v4_workspace\soc-thunderboard-sense-2\protocol\bluetooth_2.6\lib\EFR32MG12P\GCC\bgapi.a(gecko_bgapi_endpoint.c.obj)
                0x000230bc                gecko_bgapi_class_endpoint_init
 .text          0x000230d4       0x18 C:\Users\danie\SimplicityStudio\v4_workspace\soc-thunderboard-sense-2\protocol\bluetooth_2.6\lib\EFR32MG12P\GCC\bgapi.a(gecko_bgapi_le_connection.c.obj)
                0x000230d4                gecko_bgapi_class_le_connection_init
 .text          0x000230ec      0x1b8 C:\Users\danie\SimplicityStudio\v4_workspace\soc-thunderboard-sense-2\protocol\bluetooth_2.6\lib\EFR32MG12P\GCC\bgapi.a(bgapi_hardware.c.obj)
                0x000230ec                bgapi_hardware_soft_timer_listener
                0x000231c0                lib_hardware_handler_init
                0x000231d4                gecko_cmd_hardware_set_soft_timer
                0x00023208                gecko_cmd_hardware_set_lazy_soft_timer
                0x0002323c                gecko_cmd_hardware_get_time
                0x00023270                gecko_cmd_hardware_enable_dcdc
 .text          0x000232a4      0x3e0 C:\Users\danie\SimplicityStudio\v4_workspace\soc-thunderboard-sense-2\protocol\bluetooth_2.6\lib\EFR32MG12P\GCC\bgapi.a(bgapi_test_lib.c.obj)
                0x000232a4                bgapi_test_lib_msg_handler
                0x000232fc                lib_test_handler_init
                0x0002331c                disable_interrupts
                0x00023340                gecko_cmd_test_dtm_tx
                0x00023458                gecko_cmd_test_dtm_rx
                0x000234a4                gecko_cmd_test_dtm_end
                0x00023538                gecko_cmd_test_debug_command
                0x00023608                gecko_cmd_test_debug_counter
 .text          0x00023684       0x8c C:\Users\danie\SimplicityStudio\v4_workspace\soc-thunderboard-sense-2\protocol\bluetooth_2.6\lib\EFR32MG12P\GCC\bgapi.a(bgapi_dfu.c.obj)
                0x00023684                lib_dfu_handler_init
                0x00023686                gecko_cmd_dfu_reset
                0x0002368c                gecko_cmd_dfu_flash_set_address
                0x000236b8                gecko_cmd_dfu_flash_upload
                0x000236e4                gecko_cmd_dfu_flash_upload_finish
 .text          0x00023710      0x368 C:\Users\danie\SimplicityStudio\v4_workspace\soc-thunderboard-sense-2\protocol\bluetooth_2.6\lib\EFR32MG12P\GCC\bgapi.a(bgapi_gap.c.obj)
                0x00023710                lib_le_gap_handler_init
                0x00023712                gecko_cmd_le_gap_set_mode
                0x00023758                gecko_cmd_le_gap_bt5_set_mode
                0x0002379c                gecko_cmd_le_gap_set_adv_data
                0x000237ec                gecko_cmd_le_gap_bt5_set_adv_data
                0x00023848                gecko_cmd_le_gap_set_adv_timeout
                0x0002389c                gecko_cmd_le_gap_open
                0x000238ec                gecko_cmd_le_gap_discover
                0x00023918                gecko_cmd_le_gap_end_procedure
                0x00023944                gecko_cmd_le_gap_set_adv_parameters
                0x00023978                gecko_cmd_le_gap_bt5_set_adv_parameters
                0x000239b4                gecko_cmd_le_gap_set_scan_parameters
                0x000239e4                gecko_cmd_le_gap_set_conn_parameters
                0x00023a1c                gecko_cmd_le_gap_set_phy
                0x00023a48                gecko_cmd_le_gap_set_privacy_mode
 .text          0x00023a78      0x660 C:\Users\danie\SimplicityStudio\v4_workspace\soc-thunderboard-sense-2\protocol\bluetooth_2.6\lib\EFR32MG12P\GCC\bgapi.a(bgapi_gatt_lib.c.obj)
                0x00023a78                lib_gatt_handler_init
                0x00023a7c                lib_gatt_server_handler_init
                0x00023a7e                gecko_cmd_gatt_set_max_mtu
                0x00023ab8                gecko_cmd_gatt_discover_primary_services
                0x00023ae4                gecko_cmd_gatt_discover_primary_services_by_uuid
                0x00023b1c                gecko_cmd_gatt_find_included_services
                0x00023b4c                gecko_cmd_gatt_discover_characteristics
                0x00023b7c                gecko_cmd_gatt_discover_characteristics_by_uuid
                0x00023bb8                gecko_cmd_gatt_read_characteristic_value
                0x00023bec                gecko_cmd_gatt_read_characteristic_value_from_offset
                0x00023c24                gecko_cmd_gatt_read_characteristic_value_by_uuid
                0x00023c60                gecko_cmd_gatt_read_multiple_characteristic_values
                0x00023c90                gecko_cmd_gatt_write_characteristic_value
                0x00023cc4                gecko_cmd_gatt_write_characteristic_value_without_response
                0x00023d04                gecko_cmd_gatt_prepare_characteristic_value_write
                0x00023d50                gecko_cmd_gatt_execute_characteristic_value_write
                0x00023d80                gecko_cmd_gatt_set_characteristic_notification
                0x00023db4                gecko_cmd_gatt_discover_descriptors
                0x00023de4                gecko_cmd_gatt_read_descriptor_value
                0x00023e14                gecko_cmd_gatt_write_descriptor_value
                0x00023e48                gecko_cmd_gatt_server_read_attribute_value
                0x00023e90                gecko_cmd_gatt_server_read_attribute_type
                0x00023ed4                gecko_cmd_gatt_server_find_attribute
                0x00023f10                gecko_cmd_gatt_server_write_attribute_value
                0x00023f44                gecko_cmd_gatt_server_send_user_read_response
                0x00023f88                gecko_cmd_gatt_server_send_user_write_response
                0x00023fbc                gecko_cmd_gatt_server_send_characteristic_notification
                0x00024000                gecko_cmd_gatt_send_characteristic_confirmation
                0x0002402c                gecko_cmd_gatt_server_set_database
                0x0002405c                gecko_cmd_gatt_server_set_capabilities
                0x0002408c                gecko_cmd_gatt_prepare_characteristic_value_reliable_write
 .text          0x000240d8      0x1d0 C:\Users\danie\SimplicityStudio\v4_workspace\soc-thunderboard-sense-2\protocol\bluetooth_2.6\lib\EFR32MG12P\GCC\bgapi.a(bgapi_ps.c.obj)
                0x000240d8                bgapi_ps_dump_listener
                0x00024118                lib_flash_handler_init
                0x0002412c                gecko_cmd_flash_ps_dump
                0x000241c4                gecko_cmd_flash_ps_erase_all
                0x000241f4                gecko_cmd_flash_ps_save
                0x00024230                gecko_cmd_flash_ps_load
                0x00024274                gecko_cmd_flash_ps_erase
 .text          0x000242a8      0x3bc C:\Users\danie\SimplicityStudio\v4_workspace\soc-thunderboard-sense-2\protocol\bluetooth_2.6\lib\EFR32MG12P\GCC\bgapi.a(bgapi_sm.c.obj)
                0x00024370                lib_sm_handler_init
                0x00024384                gecko_cmd_sm_list_all_bondings
                0x000243bc                gecko_cmd_sm_increase_security
                0x000243e8                gecko_cmd_sm_set_bondable_mode
                0x00024414                gecko_cmd_sm_delete_bonding
                0x00024444                gecko_cmd_sm_delete_bondings
                0x00024474                gecko_cmd_sm_configure
                0x000244a4                gecko_cmd_sm_enter_passkey
                0x000244d4                gecko_cmd_sm_set_passkey
                0x00024500                gecko_cmd_sm_passkey_confirm
                0x00024530                gecko_cmd_sm_set_oob_data
                0x00024560                gecko_cmd_sm_set_sc_remote_oob_data
                0x00024590                gecko_cmd_sm_use_sc_oob
                0x000245d0                gecko_cmd_sm_store_bonding_configuration
                0x00024604                gecko_cmd_sm_bonding_confirm
                0x00024634                gecko_cmd_sm_set_debug_mode
 .text          0x00024664      0x208 C:\Users\danie\SimplicityStudio\v4_workspace\soc-thunderboard-sense-2\protocol\bluetooth_2.6\lib\EFR32MG12P\GCC\bgapi.a(bgapi_system.c.obj)
                0x00024664                bgapi_system_listener
                0x00024694                lib_system_handler_init
                0x000246a8                gecko_cmd_system_get_bt_address
                0x000246e0                gecko_cmd_system_set_bt_address
                0x00024714                gecko_cmd_system_set_device_name
                0x00024750                gecko_cmd_system_get_random_data
                0x00024798                gecko_cmd_system_halt
                0x000247cc                gecko_cmd_system_set_tx_power
                0x000247fc                gecko_cmd_system_hello
                0x00024824                gecko_cmd_system_reset
                0x0002482a                gecko_send_system_awake
                0x0002483c                gecko_cmd_system_linklayer_configure
 .text          0x0002486c       0x40 C:\Users\danie\SimplicityStudio\v4_workspace\soc-thunderboard-sense-2\protocol\bluetooth_2.6\lib\EFR32MG12P\GCC\bgapi.a(bgapi_endpoint.c.obj)
                0x0002486c                lib_endpoint_handler_init
                0x0002486e                gecko_cmd_endpoint_close
 .text          0x000248ac      0x13c C:\Users\danie\SimplicityStudio\v4_workspace\soc-thunderboard-sense-2\protocol\bluetooth_2.6\lib\EFR32MG12P\GCC\bgapi.a(bgapi_le_connection.c.obj)
                0x000248ac                lib_le_connection_handler_init
                0x000248ae                gecko_cmd_le_connection_set_parameters
                0x000248f8                gecko_cmd_le_connection_get_rssi
                0x00024924                gecko_cmd_le_connection_disable_slave_latency
                0x00024968                gecko_cmd_le_connection_set_phy
                0x000249a4                bgapi_close_le_connection
                0x000249ba                gecko_cmd_le_connection_close
 .text          0x000249e8      0xda8 C:\Users\danie\SimplicityStudio\v4_workspace\soc-thunderboard-sense-2\protocol\bluetooth_2.6\lib\EFR32MG12P\GCC\bgapi.a(gatt_client.c.obj)
                0x00024c44                gatt_discover_primary_services
                0x00024c82                gatt_discover_primary_services_by_uuid
                0x00024cd6                gatt_find_included_services
                0x00024d28                gatt_find_included_services_handler
                0x00024dd8                gatt_discover_characteristics
                0x00024dfa                gatt_discover_characteristics_by_uuid
                0x00024e38                gatt_discover_descriptors
                0x00024e74                gatt_read_characteristic_value
                0x00024eac                gatt_read_characteristic_value_by_uuid
                0x00024ee6                gatt_read_multiple_characteristic_values
                0x00024f0a                gatt_write_characteristic_value
                0x00024f30                gatt_write_characteristic_value_without_response
                0x00024f4a                gatt_prepare_characteristic_value_write
                0x00024fbc                gatt_execute_characteristic_value_write
                0x00024fde                gatt_set_characteristic_notification
                0x0002501e                gatt_read_descriptor_value
                0x00025046                gatt_write_descriptor_value
                0x0002506c                gatt_handle_exchange_mtu_rsp
                0x00025088                gatt_handle_find_information_response
                0x000251da                gatt_handle_find_by_type_value_response
                0x0002527a                gatt_handle_read_response
                0x000253d2                gatt_handle_read_blob_response
                0x00025408                gatt_handle_read_multiple_response
                0x00025444                gatt_handle_read_by_type_response
                0x0002558c                gatt_handle_read_by_group_type_response
                0x0002563a                gatt_handle_write_response
                0x0002564e                gatt_handle_prepare_write_response
                0x00025704                gatt_handle_execute_write_response
                0x00025740                gatt_client_handle_value_notification
                0x00025752                gatt_client_handle_value_indication
                0x00025766                gatt_send_characteristic_confirmation
                0x00025784                gatt_client_init
 .text          0x00025790      0x250 C:\Users\danie\SimplicityStudio\v4_workspace\soc-thunderboard-sense-2\protocol\bluetooth_2.6\lib\EFR32MG12P\GCC\bgapi.a(ubt_gatt_client.c.obj)
                0x00025790                ubt_gatt_discover_primary_services
                0x000257a6                ubt_gatt_discover_primary_services_by_uuid
                0x000257d2                ubt_gatt_find_included_services
                0x000257ec                ubt_gatt_discover_characteristics
                0x00025806                ubt_gatt_discover_characteristics_by_uuid
                0x00025836                ubt_gatt_discover_descriptors
                0x00025850                ubt_gatt_read_characteristic_value
                0x00025872                ubt_gatt_read_characteristic_value_by_uuid
                0x000258a2                ubt_gatt_read_multiple_characteristic_values
                0x000258c0                ubt_gatt_write_characteristic_value
                0x000258e2                ubt_gatt_write_characteristic_value_without_response
                0x0002591c                ubt_gatt_prepare_characteristic_value_write
                0x00025956                ubt_gatt_execute_characteristic_value_write
                0x00025970                ubt_gatt_send_characteristic_confirmation
                0x00025986                ubt_gatt_read_descriptor_value
                0x000259a0                ubt_gatt_write_descriptor_value
                0x000259c2                ubt_gatt_set_characteristic_notification
 .text          0x000259e0      0x514 C:\Users\danie\SimplicityStudio\v4_workspace\soc-thunderboard-sense-2\protocol\bluetooth_2.6\lib\EFR32MG12P\GCC\bgapi.a(att_client.c.obj)
                0x000259e0                att_send_find_information_request
                0x00025a06                att_send_find_by_type_value_request
                0x00025a38                att_send_read_by_type_request
                0x00025a64                att_send_read_request
                0x00025a84                att_send_read_blob_request
                0x00025aaa                att_send_read_multiple_request
                0x00025ad6                att_send_read_by_group_type_request
                0x00025b02                att_send_write_request
                0x00025b2e                att_send_write_command
                0x00025b5a                att_send_signed_write_command
                0x00025b94                att_send_prepare_write_request
                0x00025c08                att_send_execute_write_request
                0x00025c26                att_send_handle_value_confirmation
                0x00025c3e                validate_gatt_client_pdu_len
                0x00025cec                att_gatt_client_handler
 .text.log10    0x00025ef4      0x110 c:/siliconlabs/simplicitystudio/v4/developer/toolchains/gnu_arm/4.9_2015q3/bin/../lib/gcc/arm-none-eabi/4.9.3/../../../../arm-none-eabi/lib/armv7e-m/fpu\libm.a(lib_a-w_log10.o)
                0x00025ef4                log10
 *fill*         0x00026004        0x4 
 .text.__ieee754_log10
                0x00026008      0x134 c:/siliconlabs/simplicitystudio/v4/developer/toolchains/gnu_arm/4.9_2015q3/bin/../lib/gcc/arm-none-eabi/4.9.3/../../../../arm-none-eabi/lib/armv7e-m/fpu\libm.a(lib_a-e_log10.o)
                0x00026008                __ieee754_log10
 .text.__fpclassifyd
                0x0002613c       0x5c c:/siliconlabs/simplicitystudio/v4/developer/toolchains/gnu_arm/4.9_2015q3/bin/../lib/gcc/arm-none-eabi/4.9.3/../../../../arm-none-eabi/lib/armv7e-m/fpu\libm.a(lib_a-s_fpclassify.o)
                0x0002613c                __fpclassifyd
 .text.matherr  0x00026198        0x4 c:/siliconlabs/simplicitystudio/v4/developer/toolchains/gnu_arm/4.9_2015q3/bin/../lib/gcc/arm-none-eabi/4.9.3/../../../../arm-none-eabi/lib/armv7e-m/fpu\libm.a(lib_a-s_matherr.o)
                0x00026198                matherr
 *fill*         0x0002619c        0x4 
 .text.nan      0x000261a0       0x10 c:/siliconlabs/simplicitystudio/v4/developer/toolchains/gnu_arm/4.9_2015q3/bin/../lib/gcc/arm-none-eabi/4.9.3/../../../../arm-none-eabi/lib/armv7e-m/fpu\libm.a(lib_a-s_nan.o)
                0x000261a0                nan
 .text.__ieee754_log
                0x000261b0      0x400 c:/siliconlabs/simplicitystudio/v4/developer/toolchains/gnu_arm/4.9_2015q3/bin/../lib/gcc/arm-none-eabi/4.9.3/../../../../arm-none-eabi/lib/armv7e-m/fpu\libm.a(lib_a-e_log.o)
                0x000261b0                __ieee754_log
 .text          0x000265b0      0x370 c:/siliconlabs/simplicitystudio/v4/developer/toolchains/gnu_arm/4.9_2015q3/bin/../lib/gcc/arm-none-eabi/4.9.3/armv7e-m/fpu\libgcc.a(_arm_addsubdf3.o)
                0x000265b0                __aeabi_drsub
                0x000265b8                __aeabi_dsub
                0x000265b8                __subdf3
                0x000265bc                __aeabi_dadd
                0x000265bc                __adddf3
                0x00026834                __floatunsidf
                0x00026834                __aeabi_ui2d
                0x00026854                __floatsidf
                0x00026854                __aeabi_i2d
                0x00026878                __aeabi_f2d
                0x00026878                __extendsfdf2
                0x000268b4                __floatundidf
                0x000268b4                __aeabi_ul2d
                0x000268c4                __floatdidf
                0x000268c4                __aeabi_l2d
 .text          0x00026920      0x424 c:/siliconlabs/simplicitystudio/v4/developer/toolchains/gnu_arm/4.9_2015q3/bin/../lib/gcc/arm-none-eabi/4.9.3/armv7e-m/fpu\libgcc.a(_arm_muldivdf3.o)
                0x00026920                __aeabi_dmul
                0x00026920                __muldf3
                0x00026b74                __divdf3
                0x00026b74                __aeabi_ddiv
 .text          0x00026d44      0x110 c:/siliconlabs/simplicitystudio/v4/developer/toolchains/gnu_arm/4.9_2015q3/bin/../lib/gcc/arm-none-eabi/4.9.3/armv7e-m/fpu\libgcc.a(_arm_cmpdf2.o)
                0x00026d44                __gtdf2
                0x00026d44                __gedf2
                0x00026d4c                __ltdf2
                0x00026d4c                __ledf2
                0x00026d54                __nedf2
                0x00026d54                __eqdf2
                0x00026d54                __cmpdf2
                0x00026dd0                __aeabi_cdrcmple
                0x00026de0                __aeabi_cdcmpeq
                0x00026de0                __aeabi_cdcmple
                0x00026df0                __aeabi_dcmpeq
                0x00026e04                __aeabi_dcmplt
                0x00026e18                __aeabi_dcmple
                0x00026e2c                __aeabi_dcmpge
                0x00026e40                __aeabi_dcmpgt
 .text          0x00026e54       0x50 c:/siliconlabs/simplicitystudio/v4/developer/toolchains/gnu_arm/4.9_2015q3/bin/../lib/gcc/arm-none-eabi/4.9.3/armv7e-m/fpu\libgcc.a(_arm_fixdfsi.o)
                0x00026e54                __aeabi_d2iz
                0x00026e54                __fixdfsi
 .text          0x00026ea4       0xa0 c:/siliconlabs/simplicitystudio/v4/developer/toolchains/gnu_arm/4.9_2015q3/bin/../lib/gcc/arm-none-eabi/4.9.3/armv7e-m/fpu\libgcc.a(_arm_truncdfsf2.o)
                0x00026ea4                __truncdfsf2
                0x00026ea4                __aeabi_d2f
 .text          0x00026f44       0x30 c:/siliconlabs/simplicitystudio/v4/developer/toolchains/gnu_arm/4.9_2015q3/bin/../lib/gcc/arm-none-eabi/4.9.3/armv7e-m/fpu\libgcc.a(_aeabi_uldivmod.o)
                0x00026f44                __aeabi_uldivmod
 .text          0x00026f74       0x60 c:/siliconlabs/simplicitystudio/v4/developer/toolchains/gnu_arm/4.9_2015q3/bin/../lib/gcc/arm-none-eabi/4.9.3/armv7e-m/fpu\libgcc.a(bpabi.o)
                0x00026f74                __gnu_ldivmod_helper
                0x00026fa4                __gnu_uldivmod_helper
 .text          0x00026fd4        0x4 c:/siliconlabs/simplicitystudio/v4/developer/toolchains/gnu_arm/4.9_2015q3/bin/../lib/gcc/arm-none-eabi/4.9.3/armv7e-m/fpu\libgcc.a(_dvmd_tls.o)
                0x00026fd4                __aeabi_idiv0
                0x00026fd4                __aeabi_ldiv0
 .text          0x00026fd8      0x29c c:/siliconlabs/simplicitystudio/v4/developer/toolchains/gnu_arm/4.9_2015q3/bin/../lib/gcc/arm-none-eabi/4.9.3/armv7e-m/fpu\libgcc.a(_divdi3.o)
                0x00026fd8                __divdi3
 .text          0x00027274      0x26c c:/siliconlabs/simplicitystudio/v4/developer/toolchains/gnu_arm/4.9_2015q3/bin/../lib/gcc/arm-none-eabi/4.9.3/armv7e-m/fpu\libgcc.a(_udivdi3.o)
                0x00027274                __udivdi3
 .text.__errno  0x000274e0        0xc c:/siliconlabs/simplicitystudio/v4/developer/toolchains/gnu_arm/4.9_2015q3/bin/../lib/gcc/arm-none-eabi/4.9.3/../../../../arm-none-eabi/lib/armv7e-m/fpu\libc.a(lib_a-errno.o)
                0x000274e0                __errno
 .text.exit     0x000274ec       0x20 c:/siliconlabs/simplicitystudio/v4/developer/toolchains/gnu_arm/4.9_2015q3/bin/../lib/gcc/arm-none-eabi/4.9.3/../../../../arm-none-eabi/lib/armv7e-m/fpu\libc.a(lib_a-exit.o)
                0x000274ec                exit
 .text.__libc_init_array
                0x0002750c       0x50 c:/siliconlabs/simplicitystudio/v4/developer/toolchains/gnu_arm/4.9_2015q3/bin/../lib/gcc/arm-none-eabi/4.9.3/../../../../arm-none-eabi/lib/armv7e-m/fpu\libc.a(lib_a-init.o)
                0x0002750c                __libc_init_array
 .text          0x0002755c      0x134 c:/siliconlabs/simplicitystudio/v4/developer/toolchains/gnu_arm/4.9_2015q3/bin/../lib/gcc/arm-none-eabi/4.9.3/../../../../arm-none-eabi/lib/armv7e-m/fpu\libc.a(lib_a-memcpy.o)
                0x0002755c                memcpy
 .text.memset   0x00027690       0x9c c:/siliconlabs/simplicitystudio/v4/developer/toolchains/gnu_arm/4.9_2015q3/bin/../lib/gcc/arm-none-eabi/4.9.3/../../../../arm-none-eabi/lib/armv7e-m/fpu\libc.a(lib_a-memset.o)
                0x00027690                memset
 .text.printf   0x0002772c       0x28 c:/siliconlabs/simplicitystudio/v4/developer/toolchains/gnu_arm/4.9_2015q3/bin/../lib/gcc/arm-none-eabi/4.9.3/../../../../arm-none-eabi/lib/armv7e-m/fpu\libc.a(lib_a-printf.o)
                0x0002772c                printf
 .text._puts_r  0x00027754       0x64 c:/siliconlabs/simplicitystudio/v4/developer/toolchains/gnu_arm/4.9_2015q3/bin/../lib/gcc/arm-none-eabi/4.9.3/../../../../arm-none-eabi/lib/armv7e-m/fpu\libc.a(lib_a-puts.o)
                0x00027754                _puts_r
 .text.puts     0x000277b8       0x10 c:/siliconlabs/simplicitystudio/v4/developer/toolchains/gnu_arm/4.9_2015q3/bin/../lib/gcc/arm-none-eabi/4.9.3/../../../../arm-none-eabi/lib/armv7e-m/fpu\libc.a(lib_a-puts.o)
                0x000277b8                puts
 .text.setvbuf  0x000277c8       0xf8 c:/siliconlabs/simplicitystudio/v4/developer/toolchains/gnu_arm/4.9_2015q3/bin/../lib/gcc/arm-none-eabi/4.9.3/../../../../arm-none-eabi/lib/armv7e-m/fpu\libc.a(lib_a-setvbuf.o)
                0x000277c8                setvbuf
 .text.strlen   0x000278c0       0x5c c:/siliconlabs/simplicitystudio/v4/developer/toolchains/gnu_arm/4.9_2015q3/bin/../lib/gcc/arm-none-eabi/4.9.3/../../../../arm-none-eabi/lib/armv7e-m/fpu\libc.a(lib_a-strlen.o)
                0x000278c0                strlen
 *fill*         0x0002791c        0x4 
 .text._vfprintf_r
                0x00027920     0x1424 c:/siliconlabs/simplicitystudio/v4/developer/toolchains/gnu_arm/4.9_2015q3/bin/../lib/gcc/arm-none-eabi/4.9.3/../../../../arm-none-eabi/lib/armv7e-m/fpu\libc.a(lib_a-vfprintf.o)
                0x00027920                _vfprintf_r
 .text.__sbprintf
                0x00028d44       0x78 c:/siliconlabs/simplicitystudio/v4/developer/toolchains/gnu_arm/4.9_2015q3/bin/../lib/gcc/arm-none-eabi/4.9.3/../../../../arm-none-eabi/lib/armv7e-m/fpu\libc.a(lib_a-vfprintf.o)
 .text.__swsetup_r
                0x00028dbc       0xc4 c:/siliconlabs/simplicitystudio/v4/developer/toolchains/gnu_arm/4.9_2015q3/bin/../lib/gcc/arm-none-eabi/4.9.3/../../../../arm-none-eabi/lib/armv7e-m/fpu\libc.a(lib_a-wsetup.o)
                0x00028dbc                __swsetup_r
 .text.startup.register_fini
                0x00028e80       0x14 c:/siliconlabs/simplicitystudio/v4/developer/toolchains/gnu_arm/4.9_2015q3/bin/../lib/gcc/arm-none-eabi/4.9.3/../../../../arm-none-eabi/lib/armv7e-m/fpu\libc.a(lib_a-__call_atexit.o)
 .text.__call_exitprocs
                0x00028e94       0xd4 c:/siliconlabs/simplicitystudio/v4/developer/toolchains/gnu_arm/4.9_2015q3/bin/../lib/gcc/arm-none-eabi/4.9.3/../../../../arm-none-eabi/lib/armv7e-m/fpu\libc.a(lib_a-__call_atexit.o)
                0x00028e94                __call_exitprocs
 .text.atexit   0x00028f68        0xc c:/siliconlabs/simplicitystudio/v4/developer/toolchains/gnu_arm/4.9_2015q3/bin/../lib/gcc/arm-none-eabi/4.9.3/../../../../arm-none-eabi/lib/armv7e-m/fpu\libc.a(lib_a-atexit.o)
                0x00028f68                atexit
 .text.quorem   0x00028f74      0x12c c:/siliconlabs/simplicitystudio/v4/developer/toolchains/gnu_arm/4.9_2015q3/bin/../lib/gcc/arm-none-eabi/4.9.3/../../../../arm-none-eabi/lib/armv7e-m/fpu\libc.a(lib_a-dtoa.o)
 .text._dtoa_r  0x000290a0      0xea4 c:/siliconlabs/simplicitystudio/v4/developer/toolchains/gnu_arm/4.9_2015q3/bin/../lib/gcc/arm-none-eabi/4.9.3/../../../../arm-none-eabi/lib/armv7e-m/fpu\libc.a(lib_a-dtoa.o)
                0x000290a0                _dtoa_r
 .text.__sflush_r
                0x00029f44      0x154 c:/siliconlabs/simplicitystudio/v4/developer/toolchains/gnu_arm/4.9_2015q3/bin/../lib/gcc/arm-none-eabi/4.9.3/../../../../arm-none-eabi/lib/armv7e-m/fpu\libc.a(lib_a-fflush.o)
                0x00029f44                __sflush_r
 .text._fflush_r
                0x0002a098       0x2c c:/siliconlabs/simplicitystudio/v4/developer/toolchains/gnu_arm/4.9_2015q3/bin/../lib/gcc/arm-none-eabi/4.9.3/../../../../arm-none-eabi/lib/armv7e-m/fpu\libc.a(lib_a-fflush.o)
                0x0002a098                _fflush_r
 .text._cleanup_r
                0x0002a0c4        0xc c:/siliconlabs/simplicitystudio/v4/developer/toolchains/gnu_arm/4.9_2015q3/bin/../lib/gcc/arm-none-eabi/4.9.3/../../../../arm-none-eabi/lib/armv7e-m/fpu\libc.a(lib_a-findfp.o)
                0x0002a0c4                _cleanup_r
 .text.__sinit.part.1
                0x0002a0d0       0xf0 c:/siliconlabs/simplicitystudio/v4/developer/toolchains/gnu_arm/4.9_2015q3/bin/../lib/gcc/arm-none-eabi/4.9.3/../../../../arm-none-eabi/lib/armv7e-m/fpu\libc.a(lib_a-findfp.o)
 .text.__sinit  0x0002a1c0        0xc c:/siliconlabs/simplicitystudio/v4/developer/toolchains/gnu_arm/4.9_2015q3/bin/../lib/gcc/arm-none-eabi/4.9.3/../../../../arm-none-eabi/lib/armv7e-m/fpu\libc.a(lib_a-findfp.o)
                0x0002a1c0                __sinit
 .text.__sfp_lock_acquire
                0x0002a1cc        0x4 c:/siliconlabs/simplicitystudio/v4/developer/toolchains/gnu_arm/4.9_2015q3/bin/../lib/gcc/arm-none-eabi/4.9.3/../../../../arm-none-eabi/lib/armv7e-m/fpu\libc.a(lib_a-findfp.o)
                0x0002a1cc                __sfp_lock_acquire
 .text.__sfp_lock_release
                0x0002a1d0        0x4 c:/siliconlabs/simplicitystudio/v4/developer/toolchains/gnu_arm/4.9_2015q3/bin/../lib/gcc/arm-none-eabi/4.9.3/../../../../arm-none-eabi/lib/armv7e-m/fpu\libc.a(lib_a-findfp.o)
                0x0002a1d0                __sfp_lock_release
 .text.__libc_fini_array
                0x0002a1d4       0x2c c:/siliconlabs/simplicitystudio/v4/developer/toolchains/gnu_arm/4.9_2015q3/bin/../lib/gcc/arm-none-eabi/4.9.3/../../../../arm-none-eabi/lib/armv7e-m/fpu\libc.a(lib_a-fini.o)
                0x0002a1d4                __libc_fini_array
 .text._malloc_trim_r
                0x0002a200       0x9c c:/siliconlabs/simplicitystudio/v4/developer/toolchains/gnu_arm/4.9_2015q3/bin/../lib/gcc/arm-none-eabi/4.9.3/../../../../arm-none-eabi/lib/armv7e-m/fpu\libc.a(lib_a-freer.o)
                0x0002a200                _malloc_trim_r
 .text._free_r  0x0002a29c      0x1b0 c:/siliconlabs/simplicitystudio/v4/developer/toolchains/gnu_arm/4.9_2015q3/bin/../lib/gcc/arm-none-eabi/4.9.3/../../../../arm-none-eabi/lib/armv7e-m/fpu\libc.a(lib_a-freer.o)
                0x0002a29c                _free_r
 .text.__sfvwrite_r
                0x0002a44c      0x318 c:/siliconlabs/simplicitystudio/v4/developer/toolchains/gnu_arm/4.9_2015q3/bin/../lib/gcc/arm-none-eabi/4.9.3/../../../../arm-none-eabi/lib/armv7e-m/fpu\libc.a(lib_a-fvwrite.o)
                0x0002a44c                __sfvwrite_r
 .text._fwalk_reent
                0x0002a764       0x54 c:/siliconlabs/simplicitystudio/v4/developer/toolchains/gnu_arm/4.9_2015q3/bin/../lib/gcc/arm-none-eabi/4.9.3/../../../../arm-none-eabi/lib/armv7e-m/fpu\libc.a(lib_a-fwalk.o)
                0x0002a764                _fwalk_reent
 .text.__locale_charset
                0x0002a7b8        0x8 c:/siliconlabs/simplicitystudio/v4/developer/toolchains/gnu_arm/4.9_2015q3/bin/../lib/gcc/arm-none-eabi/4.9.3/../../../../arm-none-eabi/lib/armv7e-m/fpu\libc.a(lib_a-locale.o)
                0x0002a7b8                __locale_charset
 .text.__locale_mb_cur_max
                0x0002a7c0        0xc c:/siliconlabs/simplicitystudio/v4/developer/toolchains/gnu_arm/4.9_2015q3/bin/../lib/gcc/arm-none-eabi/4.9.3/../../../../arm-none-eabi/lib/armv7e-m/fpu\libc.a(lib_a-locale.o)
                0x0002a7c0                __locale_mb_cur_max
 .text._localeconv_r
                0x0002a7cc        0x8 c:/siliconlabs/simplicitystudio/v4/developer/toolchains/gnu_arm/4.9_2015q3/bin/../lib/gcc/arm-none-eabi/4.9.3/../../../../arm-none-eabi/lib/armv7e-m/fpu\libc.a(lib_a-locale.o)
                0x0002a7cc                _localeconv_r
 .text.__smakebuf_r
                0x0002a7d4       0xe0 c:/siliconlabs/simplicitystudio/v4/developer/toolchains/gnu_arm/4.9_2015q3/bin/../lib/gcc/arm-none-eabi/4.9.3/../../../../arm-none-eabi/lib/armv7e-m/fpu\libc.a(lib_a-makebuf.o)
                0x0002a7d4                __smakebuf_r
 .text.malloc   0x0002a8b4       0x10 c:/siliconlabs/simplicitystudio/v4/developer/toolchains/gnu_arm/4.9_2015q3/bin/../lib/gcc/arm-none-eabi/4.9.3/../../../../arm-none-eabi/lib/armv7e-m/fpu\libc.a(lib_a-malloc.o)
                0x0002a8b4                malloc
 .text.free     0x0002a8c4       0x10 c:/siliconlabs/simplicitystudio/v4/developer/toolchains/gnu_arm/4.9_2015q3/bin/../lib/gcc/arm-none-eabi/4.9.3/../../../../arm-none-eabi/lib/armv7e-m/fpu\libc.a(lib_a-malloc.o)
                0x0002a8c4                free
 .text._malloc_r
                0x0002a8d4      0x524 c:/siliconlabs/simplicitystudio/v4/developer/toolchains/gnu_arm/4.9_2015q3/bin/../lib/gcc/arm-none-eabi/4.9.3/../../../../arm-none-eabi/lib/armv7e-m/fpu\libc.a(lib_a-mallocr.o)
                0x0002a8d4                _malloc_r
 .text.memchr   0x0002adf8       0x94 c:/siliconlabs/simplicitystudio/v4/developer/toolchains/gnu_arm/4.9_2015q3/bin/../lib/gcc/arm-none-eabi/4.9.3/../../../../arm-none-eabi/lib/armv7e-m/fpu\libc.a(lib_a-memchr.o)
                0x0002adf8                memchr
 .text.memmove  0x0002ae8c       0xc8 c:/siliconlabs/simplicitystudio/v4/developer/toolchains/gnu_arm/4.9_2015q3/bin/../lib/gcc/arm-none-eabi/4.9.3/../../../../arm-none-eabi/lib/armv7e-m/fpu\libc.a(lib_a-memmove.o)
                0x0002ae8c                memmove
 .text.__malloc_lock
                0x0002af54        0x4 c:/siliconlabs/simplicitystudio/v4/developer/toolchains/gnu_arm/4.9_2015q3/bin/../lib/gcc/arm-none-eabi/4.9.3/../../../../arm-none-eabi/lib/armv7e-m/fpu\libc.a(lib_a-mlock.o)
                0x0002af54                __malloc_lock
 .text.__malloc_unlock
                0x0002af58        0x4 c:/siliconlabs/simplicitystudio/v4/developer/toolchains/gnu_arm/4.9_2015q3/bin/../lib/gcc/arm-none-eabi/4.9.3/../../../../arm-none-eabi/lib/armv7e-m/fpu\libc.a(lib_a-mlock.o)
                0x0002af58                __malloc_unlock
 .text._Balloc  0x0002af5c       0x4c c:/siliconlabs/simplicitystudio/v4/developer/toolchains/gnu_arm/4.9_2015q3/bin/../lib/gcc/arm-none-eabi/4.9.3/../../../../arm-none-eabi/lib/armv7e-m/fpu\libc.a(lib_a-mprec.o)
                0x0002af5c                _Balloc
 .text._Bfree   0x0002afa8       0x14 c:/siliconlabs/simplicitystudio/v4/developer/toolchains/gnu_arm/4.9_2015q3/bin/../lib/gcc/arm-none-eabi/4.9.3/../../../../arm-none-eabi/lib/armv7e-m/fpu\libc.a(lib_a-mprec.o)
                0x0002afa8                _Bfree
 .text.__multadd
                0x0002afbc       0x84 c:/siliconlabs/simplicitystudio/v4/developer/toolchains/gnu_arm/4.9_2015q3/bin/../lib/gcc/arm-none-eabi/4.9.3/../../../../arm-none-eabi/lib/armv7e-m/fpu\libc.a(lib_a-mprec.o)
                0x0002afbc                __multadd
 .text.__hi0bits
                0x0002b040       0x40 c:/siliconlabs/simplicitystudio/v4/developer/toolchains/gnu_arm/4.9_2015q3/bin/../lib/gcc/arm-none-eabi/4.9.3/../../../../arm-none-eabi/lib/armv7e-m/fpu\libc.a(lib_a-mprec.o)
                0x0002b040                __hi0bits
 .text.__lo0bits
                0x0002b080       0x5c c:/siliconlabs/simplicitystudio/v4/developer/toolchains/gnu_arm/4.9_2015q3/bin/../lib/gcc/arm-none-eabi/4.9.3/../../../../arm-none-eabi/lib/armv7e-m/fpu\libc.a(lib_a-mprec.o)
                0x0002b080                __lo0bits
 .text.__i2b    0x0002b0dc       0x14 c:/siliconlabs/simplicitystudio/v4/developer/toolchains/gnu_arm/4.9_2015q3/bin/../lib/gcc/arm-none-eabi/4.9.3/../../../../arm-none-eabi/lib/armv7e-m/fpu\libc.a(lib_a-mprec.o)
                0x0002b0dc                __i2b
 .text.__multiply
                0x0002b0f0      0x134 c:/siliconlabs/simplicitystudio/v4/developer/toolchains/gnu_arm/4.9_2015q3/bin/../lib/gcc/arm-none-eabi/4.9.3/../../../../arm-none-eabi/lib/armv7e-m/fpu\libc.a(lib_a-mprec.o)
                0x0002b0f0                __multiply
 .text.__pow5mult
                0x0002b224       0xa0 c:/siliconlabs/simplicitystudio/v4/developer/toolchains/gnu_arm/4.9_2015q3/bin/../lib/gcc/arm-none-eabi/4.9.3/../../../../arm-none-eabi/lib/armv7e-m/fpu\libc.a(lib_a-mprec.o)
                0x0002b224                __pow5mult
 .text.__lshift
                0x0002b2c4       0xac c:/siliconlabs/simplicitystudio/v4/developer/toolchains/gnu_arm/4.9_2015q3/bin/../lib/gcc/arm-none-eabi/4.9.3/../../../../arm-none-eabi/lib/armv7e-m/fpu\libc.a(lib_a-mprec.o)
                0x0002b2c4                __lshift
 .text.__mcmp   0x0002b370       0x48 c:/siliconlabs/simplicitystudio/v4/developer/toolchains/gnu_arm/4.9_2015q3/bin/../lib/gcc/arm-none-eabi/4.9.3/../../../../arm-none-eabi/lib/armv7e-m/fpu\libc.a(lib_a-mprec.o)
                0x0002b370                __mcmp
 .text.__mdiff  0x0002b3b8       0xd4 c:/siliconlabs/simplicitystudio/v4/developer/toolchains/gnu_arm/4.9_2015q3/bin/../lib/gcc/arm-none-eabi/4.9.3/../../../../arm-none-eabi/lib/armv7e-m/fpu\libc.a(lib_a-mprec.o)
                0x0002b3b8                __mdiff
 .text.__d2b    0x0002b48c       0xbc c:/siliconlabs/simplicitystudio/v4/developer/toolchains/gnu_arm/4.9_2015q3/bin/../lib/gcc/arm-none-eabi/4.9.3/../../../../arm-none-eabi/lib/armv7e-m/fpu\libc.a(lib_a-mprec.o)
                0x0002b48c                __d2b
 .text._realloc_r
                0x0002b548      0x3ec c:/siliconlabs/simplicitystudio/v4/developer/toolchains/gnu_arm/4.9_2015q3/bin/../lib/gcc/arm-none-eabi/4.9.3/../../../../arm-none-eabi/lib/armv7e-m/fpu\libc.a(lib_a-reallocr.o)
                0x0002b548                _realloc_r
 .text._sbrk_r  0x0002b934       0x24 c:/siliconlabs/simplicitystudio/v4/developer/toolchains/gnu_arm/4.9_2015q3/bin/../lib/gcc/arm-none-eabi/4.9.3/../../../../arm-none-eabi/lib/armv7e-m/fpu\libc.a(lib_a-sbrkr.o)
                0x0002b934                _sbrk_r
 .text.__sread  0x0002b958       0x24 c:/siliconlabs/simplicitystudio/v4/developer/toolchains/gnu_arm/4.9_2015q3/bin/../lib/gcc/arm-none-eabi/4.9.3/../../../../arm-none-eabi/lib/armv7e-m/fpu\libc.a(lib_a-stdio.o)
                0x0002b958                __sread
 .text.__swrite
                0x0002b97c       0x38 c:/siliconlabs/simplicitystudio/v4/developer/toolchains/gnu_arm/4.9_2015q3/bin/../lib/gcc/arm-none-eabi/4.9.3/../../../../arm-none-eabi/lib/armv7e-m/fpu\libc.a(lib_a-stdio.o)
                0x0002b97c                __swrite
 .text.__sseek  0x0002b9b4       0x20 c:/siliconlabs/simplicitystudio/v4/developer/toolchains/gnu_arm/4.9_2015q3/bin/../lib/gcc/arm-none-eabi/4.9.3/../../../../arm-none-eabi/lib/armv7e-m/fpu\libc.a(lib_a-stdio.o)
                0x0002b9b4                __sseek
 .text.__sclose
                0x0002b9d4        0x8 c:/siliconlabs/simplicitystudio/v4/developer/toolchains/gnu_arm/4.9_2015q3/bin/../lib/gcc/arm-none-eabi/4.9.3/../../../../arm-none-eabi/lib/armv7e-m/fpu\libc.a(lib_a-stdio.o)
                0x0002b9d4                __sclose
 .text.__sprint_r.part.0
                0x0002b9dc       0x78 c:/siliconlabs/simplicitystudio/v4/developer/toolchains/gnu_arm/4.9_2015q3/bin/../lib/gcc/arm-none-eabi/4.9.3/../../../../arm-none-eabi/lib/armv7e-m/fpu\libc.a(lib_a-vfiprintf.o)
 .text.__sprint_r
                0x0002ba54       0x18 c:/siliconlabs/simplicitystudio/v4/developer/toolchains/gnu_arm/4.9_2015q3/bin/../lib/gcc/arm-none-eabi/4.9.3/../../../../arm-none-eabi/lib/armv7e-m/fpu\libc.a(lib_a-vfiprintf.o)
                0x0002ba54                __sprint_r
 .text._write_r
                0x0002ba6c       0x28 c:/siliconlabs/simplicitystudio/v4/developer/toolchains/gnu_arm/4.9_2015q3/bin/../lib/gcc/arm-none-eabi/4.9.3/../../../../arm-none-eabi/lib/armv7e-m/fpu\libc.a(lib_a-writer.o)
                0x0002ba6c                _write_r
 .text.__register_exitproc
                0x0002ba94       0xa4 c:/siliconlabs/simplicitystudio/v4/developer/toolchains/gnu_arm/4.9_2015q3/bin/../lib/gcc/arm-none-eabi/4.9.3/../../../../arm-none-eabi/lib/armv7e-m/fpu\libc.a(lib_a-__atexit.o)
                0x0002ba94                __register_exitproc
 .text._calloc_r
                0x0002bb38       0x60 c:/siliconlabs/simplicitystudio/v4/developer/toolchains/gnu_arm/4.9_2015q3/bin/../lib/gcc/arm-none-eabi/4.9.3/../../../../arm-none-eabi/lib/armv7e-m/fpu\libc.a(lib_a-callocr.o)
                0x0002bb38                _calloc_r
 .text._close_r
                0x0002bb98       0x24 c:/siliconlabs/simplicitystudio/v4/developer/toolchains/gnu_arm/4.9_2015q3/bin/../lib/gcc/arm-none-eabi/4.9.3/../../../../arm-none-eabi/lib/armv7e-m/fpu\libc.a(lib_a-closer.o)
                0x0002bb98                _close_r
 .text._fclose_r
                0x0002bbbc       0x84 c:/siliconlabs/simplicitystudio/v4/developer/toolchains/gnu_arm/4.9_2015q3/bin/../lib/gcc/arm-none-eabi/4.9.3/../../../../arm-none-eabi/lib/armv7e-m/fpu\libc.a(lib_a-fclose.o)
                0x0002bbbc                _fclose_r
 .text.__fputwc
                0x0002bc40       0xb0 c:/siliconlabs/simplicitystudio/v4/developer/toolchains/gnu_arm/4.9_2015q3/bin/../lib/gcc/arm-none-eabi/4.9.3/../../../../arm-none-eabi/lib/armv7e-m/fpu\libc.a(lib_a-fputwc.o)
                0x0002bc40                __fputwc
 .text._fputwc_r
                0x0002bcf0       0x24 c:/siliconlabs/simplicitystudio/v4/developer/toolchains/gnu_arm/4.9_2015q3/bin/../lib/gcc/arm-none-eabi/4.9.3/../../../../arm-none-eabi/lib/armv7e-m/fpu\libc.a(lib_a-fputwc.o)
                0x0002bcf0                _fputwc_r
 .text._fstat_r
                0x0002bd14       0x28 c:/siliconlabs/simplicitystudio/v4/developer/toolchains/gnu_arm/4.9_2015q3/bin/../lib/gcc/arm-none-eabi/4.9.3/../../../../arm-none-eabi/lib/armv7e-m/fpu\libc.a(lib_a-fstatr.o)
                0x0002bd14                _fstat_r
 .text._isatty_r
                0x0002bd3c       0x24 c:/siliconlabs/simplicitystudio/v4/developer/toolchains/gnu_arm/4.9_2015q3/bin/../lib/gcc/arm-none-eabi/4.9.3/../../../../arm-none-eabi/lib/armv7e-m/fpu\libc.a(lib_a-isattyr.o)
                0x0002bd3c                _isatty_r
 .text._lseek_r
                0x0002bd60       0x28 c:/siliconlabs/simplicitystudio/v4/developer/toolchains/gnu_arm/4.9_2015q3/bin/../lib/gcc/arm-none-eabi/4.9.3/../../../../arm-none-eabi/lib/armv7e-m/fpu\libc.a(lib_a-lseekr.o)
                0x0002bd60                _lseek_r
 .text._read_r  0x0002bd88       0x28 c:/siliconlabs/simplicitystudio/v4/developer/toolchains/gnu_arm/4.9_2015q3/bin/../lib/gcc/arm-none-eabi/4.9.3/../../../../arm-none-eabi/lib/armv7e-m/fpu\libc.a(lib_a-readr.o)
                0x0002bd88                _read_r
 .text.__swbuf_r
                0x0002bdb0       0xa8 c:/siliconlabs/simplicitystudio/v4/developer/toolchains/gnu_arm/4.9_2015q3/bin/../lib/gcc/arm-none-eabi/4.9.3/../../../../arm-none-eabi/lib/armv7e-m/fpu\libc.a(lib_a-wbuf.o)
                0x0002bdb0                __swbuf_r
 .text._wcrtomb_r
                0x0002be58       0x54 c:/siliconlabs/simplicitystudio/v4/developer/toolchains/gnu_arm/4.9_2015q3/bin/../lib/gcc/arm-none-eabi/4.9.3/../../../../arm-none-eabi/lib/armv7e-m/fpu\libc.a(lib_a-wcrtomb.o)
                0x0002be58                _wcrtomb_r
 .text.__ascii_wctomb
                0x0002beac       0x1c c:/siliconlabs/simplicitystudio/v4/developer/toolchains/gnu_arm/4.9_2015q3/bin/../lib/gcc/arm-none-eabi/4.9.3/../../../../arm-none-eabi/lib/armv7e-m/fpu\libc.a(lib_a-wctomb_r.o)
                0x0002beac                __ascii_wctomb
 *(.init)
 .init          0x0002bec8        0x4 c:/siliconlabs/simplicitystudio/v4/developer/toolchains/gnu_arm/4.9_2015q3/bin/../lib/gcc/arm-none-eabi/4.9.3/armv7e-m/fpu/crti.o
                0x0002bec8                _init
 .init          0x0002becc        0x8 c:/siliconlabs/simplicitystudio/v4/developer/toolchains/gnu_arm/4.9_2015q3/bin/../lib/gcc/arm-none-eabi/4.9.3/armv7e-m/fpu/crtn.o
 *(.fini)
 .fini          0x0002bed4        0x4 c:/siliconlabs/simplicitystudio/v4/developer/toolchains/gnu_arm/4.9_2015q3/bin/../lib/gcc/arm-none-eabi/4.9.3/armv7e-m/fpu/crti.o
                0x0002bed4                _fini
 .fini          0x0002bed8        0x8 c:/siliconlabs/simplicitystudio/v4/developer/toolchains/gnu_arm/4.9_2015q3/bin/../lib/gcc/arm-none-eabi/4.9.3/armv7e-m/fpu/crtn.o
 *crtbegin.o(.ctors)
 *crtbegin?.o(.ctors)
 *(EXCLUDE_FILE(*crtend.o *crtend?.o) .ctors)
 *(SORT(.ctors.*))
 *(.ctors)
 *crtbegin.o(.dtors)
 *crtbegin?.o(.dtors)
 *(EXCLUDE_FILE(*crtend.o *crtend?.o) .dtors)
 *(SORT(.dtors.*))
 *(.dtors)
 *(.rodata*)
 .rodata.str1.4
                0x0002bee0      0x15b ./main.o
                                0x15f (size before relaxing)
 *fill*         0x0002c03b        0x1 
 .rodata        0x0002c03c       0x1c ./radio_ble.o
 .rodata.str1.4
                0x0002c058       0x1e ./radio_ble.o
 *fill*         0x0002c076        0x2 
 .rodata        0x0002c078       0x4a ./hardware/kit/common/bsp/thunderboard/board_4166.o
 *fill*         0x0002c0c2        0x2 
 .rodata.lightLevels
                0x0002c0c4      0x100 ./hardware/kit/common/bsp/thunderboard/board_4166.o
 .rodata        0x0002c1c4       0x34 ./hardware/kit/common/bsp/thunderboard/mic_i2s.o
 .rodata        0x0002c1f8        0x6 ./hardware/kit/common/bsp/thunderboard/si7021.o
 *fill*         0x0002c1fe        0x2 
 .rodata.str1.4
                0x0002c200       0x2f ./hardware/kit/common/bsp/thunderboard/util_supply.o
 *fill*         0x0002c22f        0x1 
 .rodata        0x0002c230       0x2c ./hardware/kit/common/drivers/retargetserial.o
 .rodata        0x0002c25c        0x4 ./platform/emdrv/dmadrv/src/dmadrv.o
 .rodata.CSWTCH.50
                0x0002c260       0x10 ./platform/emlib/src/em_cmu.o
 .rodata.CSWTCH.51
                0x0002c270       0x10 ./platform/emlib/src/em_cmu.o
 .rodata.CSWTCH.52
                0x0002c280       0x10 ./platform/emlib/src/em_cmu.o
 .rodata.CSWTCH.49
                0x0002c290        0xc ./platform/emlib/src/em_cmu.o
 .rodata.flashWsTable
                0x0002c29c       0x28 ./platform/emlib/src/em_cmu.o
 .rodata.i2cNSum
                0x0002c2c4        0x4 ./platform/emlib/src/em_i2c.o
 .rodata        0x0002c2c8       0x28 C:\Users\danie\SimplicityStudio\v4_workspace\soc-thunderboard-sense-2\protocol\bluetooth_2.6\lib\EFR32MG12P\GCC\bgapi.a(gecko_bgapi_hardware.c.obj)
 .rodata        0x0002c2f0       0x30 C:\Users\danie\SimplicityStudio\v4_workspace\soc-thunderboard-sense-2\protocol\bluetooth_2.6\lib\EFR32MG12P\GCC\bgapi.a(gecko_bgapi_test.c.obj)
 .rodata        0x0002c320       0x28 C:\Users\danie\SimplicityStudio\v4_workspace\soc-thunderboard-sense-2\protocol\bluetooth_2.6\lib\EFR32MG12P\GCC\bgapi.a(gecko_bgapi_dfu.c.obj)
 .rodata        0x0002c348       0x78 C:\Users\danie\SimplicityStudio\v4_workspace\soc-thunderboard-sense-2\protocol\bluetooth_2.6\lib\EFR32MG12P\GCC\bgapi.a(gecko_bgapi_gap.c.obj)
 .rodata        0x0002c3c0       0xa8 C:\Users\danie\SimplicityStudio\v4_workspace\soc-thunderboard-sense-2\protocol\bluetooth_2.6\lib\EFR32MG12P\GCC\bgapi.a(gecko_bgapi_gatt.c.obj)
 .rodata        0x0002c468       0x50 C:\Users\danie\SimplicityStudio\v4_workspace\soc-thunderboard-sense-2\protocol\bluetooth_2.6\lib\EFR32MG12P\GCC\bgapi.a(gecko_bgapi_gatt_server.c.obj)
 .rodata        0x0002c4b8       0x30 C:\Users\danie\SimplicityStudio\v4_workspace\soc-thunderboard-sense-2\protocol\bluetooth_2.6\lib\EFR32MG12P\GCC\bgapi.a(gecko_bgapi_flash.c.obj)
 .rodata        0x0002c4e8       0x80 C:\Users\danie\SimplicityStudio\v4_workspace\soc-thunderboard-sense-2\protocol\bluetooth_2.6\lib\EFR32MG12P\GCC\bgapi.a(gecko_bgapi_sm.c.obj)
 .rodata        0x0002c568       0x50 C:\Users\danie\SimplicityStudio\v4_workspace\soc-thunderboard-sense-2\protocol\bluetooth_2.6\lib\EFR32MG12P\GCC\bgapi.a(gecko_bgapi_system.c.obj)
 .rodata        0x0002c5b8       0x10 C:\Users\danie\SimplicityStudio\v4_workspace\soc-thunderboard-sense-2\protocol\bluetooth_2.6\lib\EFR32MG12P\GCC\bgapi.a(gecko_bgapi_endpoint.c.obj)
 .rodata        0x0002c5c8       0x30 C:\Users\danie\SimplicityStudio\v4_workspace\soc-thunderboard-sense-2\protocol\bluetooth_2.6\lib\EFR32MG12P\GCC\bgapi.a(gecko_bgapi_le_connection.c.obj)
 .rodata        0x0002c5f8       0x18 C:\Users\danie\SimplicityStudio\v4_workspace\soc-thunderboard-sense-2\protocol\bluetooth_2.6\lib\EFR32MG12P\GCC\bgapi.a(bgapi_sm.c.obj)
 .rodata        0x0002c610        0x4 C:\Users\danie\SimplicityStudio\v4_workspace\soc-thunderboard-sense-2\protocol\bluetooth_2.6\lib\EFR32MG12P\GCC\bgapi.a(gatt_client.c.obj)
 .rodata.str1.4
                0x0002c614        0x6 c:/siliconlabs/simplicitystudio/v4/developer/toolchains/gnu_arm/4.9_2015q3/bin/../lib/gcc/arm-none-eabi/4.9.3/../../../../arm-none-eabi/lib/armv7e-m/fpu\libm.a(lib_a-w_log10.o)
                                  0x9 (size before relaxing)
 *fill*         0x0002c61a        0x2 
 .rodata.str1.4
                0x0002c61c        0x2 c:/siliconlabs/simplicitystudio/v4/developer/toolchains/gnu_arm/4.9_2015q3/bin/../lib/gcc/arm-none-eabi/4.9.3/../../../../arm-none-eabi/lib/armv7e-m/fpu\libc.a(lib_a-impure.o)
 *fill*         0x0002c61e        0x2 
 .rodata._global_impure_ptr
                0x0002c620        0x4 c:/siliconlabs/simplicitystudio/v4/developer/toolchains/gnu_arm/4.9_2015q3/bin/../lib/gcc/arm-none-eabi/4.9.3/../../../../arm-none-eabi/lib/armv7e-m/fpu\libc.a(lib_a-impure.o)
                0x0002c620                _global_impure_ptr
 .rodata.str1.4
                0x0002c624        0x2 c:/siliconlabs/simplicitystudio/v4/developer/toolchains/gnu_arm/4.9_2015q3/bin/../lib/gcc/arm-none-eabi/4.9.3/../../../../arm-none-eabi/lib/armv7e-m/fpu\libc.a(lib_a-puts.o)
 *fill*         0x0002c626        0x2 
 .rodata.zeroes.6926
                0x0002c628       0x10 c:/siliconlabs/simplicitystudio/v4/developer/toolchains/gnu_arm/4.9_2015q3/bin/../lib/gcc/arm-none-eabi/4.9.3/../../../../arm-none-eabi/lib/armv7e-m/fpu\libc.a(lib_a-vfprintf.o)
 .rodata.str1.4
                0x0002c638       0x3f c:/siliconlabs/simplicitystudio/v4/developer/toolchains/gnu_arm/4.9_2015q3/bin/../lib/gcc/arm-none-eabi/4.9.3/../../../../arm-none-eabi/lib/armv7e-m/fpu\libc.a(lib_a-vfprintf.o)
                                 0x42 (size before relaxing)
 *fill*         0x0002c677        0x1 
 .rodata.blanks.6925
                0x0002c678       0x10 c:/siliconlabs/simplicitystudio/v4/developer/toolchains/gnu_arm/4.9_2015q3/bin/../lib/gcc/arm-none-eabi/4.9.3/../../../../arm-none-eabi/lib/armv7e-m/fpu\libc.a(lib_a-vfprintf.o)
 .rodata.str1.4
                0x0002c688       0x10 c:/siliconlabs/simplicitystudio/v4/developer/toolchains/gnu_arm/4.9_2015q3/bin/../lib/gcc/arm-none-eabi/4.9.3/../../../../arm-none-eabi/lib/armv7e-m/fpu\libc.a(lib_a-dtoa.o)
                                 0x12 (size before relaxing)
 .rodata.str1.4
                0x0002c698        0xc c:/siliconlabs/simplicitystudio/v4/developer/toolchains/gnu_arm/4.9_2015q3/bin/../lib/gcc/arm-none-eabi/4.9.3/../../../../arm-none-eabi/lib/armv7e-m/fpu\libc.a(lib_a-locale.o)
                                 0x12 (size before relaxing)
 *fill*         0x0002c6a4        0x4 
 .rodata.__mprec_tens
                0x0002c6a8       0xc8 c:/siliconlabs/simplicitystudio/v4/developer/toolchains/gnu_arm/4.9_2015q3/bin/../lib/gcc/arm-none-eabi/4.9.3/../../../../arm-none-eabi/lib/armv7e-m/fpu\libc.a(lib_a-mprec.o)
                0x0002c6a8                __mprec_tens
 .rodata.p05.5302
                0x0002c770        0xc c:/siliconlabs/simplicitystudio/v4/developer/toolchains/gnu_arm/4.9_2015q3/bin/../lib/gcc/arm-none-eabi/4.9.3/../../../../arm-none-eabi/lib/armv7e-m/fpu\libc.a(lib_a-mprec.o)
 *fill*         0x0002c77c        0x4 
 .rodata.__mprec_bigtens
                0x0002c780       0x28 c:/siliconlabs/simplicitystudio/v4/developer/toolchains/gnu_arm/4.9_2015q3/bin/../lib/gcc/arm-none-eabi/4.9.3/../../../../arm-none-eabi/lib/armv7e-m/fpu\libc.a(lib_a-mprec.o)
                0x0002c780                __mprec_bigtens
 *(.eh_frame*)
 .eh_frame      0x0002c7a8        0x0 c:/siliconlabs/simplicitystudio/v4/developer/toolchains/gnu_arm/4.9_2015q3/bin/../lib/gcc/arm-none-eabi/4.9.3/armv7e-m/fpu/crtbegin.o
 .eh_frame      0x0002c7a8        0x0 c:/siliconlabs/simplicitystudio/v4/developer/toolchains/gnu_arm/4.9_2015q3/bin/../lib/gcc/arm-none-eabi/4.9.3/../../../../arm-none-eabi/lib/armv7e-m/fpu\libc.a(lib_a-strcmp.o)
                                 0x70 (size before relaxing)
 .eh_frame      0x0002c7a8        0x4 c:/siliconlabs/simplicitystudio/v4/developer/toolchains/gnu_arm/4.9_2015q3/bin/../lib/gcc/arm-none-eabi/4.9.3/armv7e-m/fpu/crtend.o
                0x0002c7ac                . = ALIGN (0x4)

.glue_7         0x0002c7ac        0x0
 .glue_7        0x00000000        0x0 linker stubs

.glue_7t        0x0002c7ac        0x0
 .glue_7t       0x00000000        0x0 linker stubs

.vfp11_veneer   0x0002c7ac        0x0
 .vfp11_veneer  0x00000000        0x0 linker stubs

.v4_bx          0x0002c7ac        0x0
 .v4_bx         0x00000000        0x0 linker stubs

.iplt           0x0002c7ac        0x0
 .iplt          0x00000000        0x0 c:/siliconlabs/simplicitystudio/v4/developer/toolchains/gnu_arm/4.9_2015q3/bin/../lib/gcc/arm-none-eabi/4.9.3/armv7e-m/fpu/crtbegin.o

.igot.plt       0x0002c7ac        0x0
 .igot.plt      0x00000000        0x0 c:/siliconlabs/simplicitystudio/v4/developer/toolchains/gnu_arm/4.9_2015q3/bin/../lib/gcc/arm-none-eabi/4.9.3/armv7e-m/fpu/crtbegin.o

.text_app_ARM.extab
 *(.ARM.extab* .gnu.linkonce.armextab.*)
                0x0002c7ac                __exidx_start = .

.text_app_ARM.exidx
                0x0002c7ac        0x8
 *(.ARM.exidx* .gnu.linkonce.armexidx.*)
 .ARM.exidx     0x0002c7ac        0x8 c:/siliconlabs/simplicitystudio/v4/developer/toolchains/gnu_arm/4.9_2015q3/bin/../lib/gcc/arm-none-eabi/4.9.3/../../../../arm-none-eabi/lib/armv7e-m/fpu/crt0.o
 .ARM.exidx     0x0002c7b4        0x0 c:/siliconlabs/simplicitystudio/v4/developer/toolchains/gnu_arm/4.9_2015q3/bin/../lib/gcc/arm-none-eabi/4.9.3/armv7e-m/fpu\libgcc.a(_divdi3.o)
                                  0x8 (size before relaxing)
 .ARM.exidx     0x0002c7b4        0x0 c:/siliconlabs/simplicitystudio/v4/developer/toolchains/gnu_arm/4.9_2015q3/bin/../lib/gcc/arm-none-eabi/4.9.3/armv7e-m/fpu\libgcc.a(_udivdi3.o)
                                  0x8 (size before relaxing)
                0x0002c7b4                __exidx_end = .
                0x0002c7b4                __etext = .

.rel.dyn        0x0002c7b4        0x0
 .rel.iplt      0x00000000        0x0 c:/siliconlabs/simplicitystudio/v4/developer/toolchains/gnu_arm/4.9_2015q3/bin/../lib/gcc/arm-none-eabi/4.9.3/armv7e-m/fpu/crtbegin.o

.text_app_data  0x20003000      0x94c load address 0x0002c7b4
                0x20003000                __data_start__ = .
 *(vtable)
 *(.data*)